[    0.000000] Linux version 5.2.0+ (root@debian) (gcc version 8.3.0 (Debian 8.3.0-19)) #1562948084 SMP Sun Sep 22 13:28:38 CEST 2019
[    0.000000] Command line: BOOT_IMAGE=/boot/vmlinuz-5.2.0+ console=ttyS0,115200 root=/dev/sda2 debug apic=debug pnp.debug=1 acpi.debug_layer=0xffffffff acpi.debug_level=0xffffffff
[    0.000000] KERNEL supported cpus:
[    0.000000]   Intel GenuineIntel
[    0.000000] x86/fpu: Supporting XSAVE feature 0x001: 'x87 floating point registers'
[    0.000000] x86/fpu: Supporting XSAVE feature 0x002: 'SSE registers'
[    0.000000] x86/fpu: Supporting XSAVE feature 0x004: 'AVX registers'
[    0.000000] x86/fpu: Supporting XSAVE feature 0x008: 'MPX bounds registers'
[    0.000000] x86/fpu: Supporting XSAVE feature 0x010: 'MPX CSR'
[    0.000000] x86/fpu: xstate_offset[2]:  576, xstate_sizes[2]:  256
[    0.000000] x86/fpu: xstate_offset[3]:  832, xstate_sizes[3]:   64
[    0.000000] x86/fpu: xstate_offset[4]:  896, xstate_sizes[4]:   64
[    0.000000] x86/fpu: Enabled xstate features 0x1f, context size is 960 bytes, using 'compacted' format.
[    0.000000] BIOS-provided physical RAM map:
[    0.000000] BIOS-e820: [mem 0x0000000000000000-0x0000000000000fff] type 16
[    0.000000] BIOS-e820: [mem 0x0000000000001000-0x000000000009ffff] usable
[    0.000000] BIOS-e820: [mem 0x00000000000a0000-0x00000000000fffff] reserved
[    0.000000] BIOS-e820: [mem 0x0000000000100000-0x000000006fa99fff] usable
[    0.000000] BIOS-e820: [mem 0x000000006fa9a000-0x000000006fffffff] type 16
[    0.000000] BIOS-e820: [mem 0x0000000070000000-0x00000000787fffff] reserved
[    0.000000] BIOS-e820: [mem 0x00000000e0000000-0x00000000e3ffffff] reserved
[    0.000000] BIOS-e820: [mem 0x00000000fe000000-0x00000000fe00ffff] reserved
[    0.000000] BIOS-e820: [mem 0x00000000fed10000-0x00000000fed19fff] reserved
[    0.000000] BIOS-e820: [mem 0x00000000fed40000-0x00000000fed44fff] reserved
[    0.000000] BIOS-e820: [mem 0x00000000fed80000-0x00000000fed84fff] reserved
[    0.000000] BIOS-e820: [mem 0x00000000fed91000-0x00000000fed91fff] reserved
[    0.000000] BIOS-e820: [mem 0x0000000100000000-0x00000008877fffff] usable
[    0.000000] NX (Execute Disable) protection: active
[    0.000000] SMBIOS 2.8 present.
[    0.000000] DMI: Supermicro X11SSM-F/X11SSM-F, BIOS 4.10-754-gb9f5891da5f-dirty 09/22/2019
[    0.000000] tsc: Detected 3500.000 MHz processor
[    0.000007] tsc: Detected 3504.000 MHz TSC
[    0.000007] e820: update [mem 0x00000000-0x00000fff] usable ==> reserved
[    0.000009] e820: remove [mem 0x000a0000-0x000fffff] usable
[    0.000012] last_pfn = 0x887800 max_arch_pfn = 0x400000000
[    0.000014] MTRR default type: write-back
[    0.000015] MTRR fixed ranges enabled:
[    0.000016]   00000-9FFFF write-back
[    0.000017]   A0000-BFFFF uncachable
[    0.000017]   C0000-FFFFF write-back
[    0.000018] MTRR variable ranges enabled:
[    0.000019]   0 base 0078800000 mask 7FFF800000 uncachable
[    0.000020]   1 base 0079000000 mask 7FFF000000 uncachable
[    0.000021]   2 base 007A000000 mask 7FFE000000 uncachable
[    0.000021]   3 base 007C000000 mask 7FFC000000 uncachable
[    0.000022]   4 base 0080000000 mask 7F80000000 uncachable
[    0.000022]   5 disabled
[    0.000023]   6 disabled
[    0.000023]   7 disabled
[    0.000024]   8 disabled
[    0.000024]   9 disabled
[    0.000792] x86/PAT: Configuration [0-7]: WB  WC  UC- UC  WB  WP  UC- WT  
[    0.001091] last_pfn = 0x6fa9a max_arch_pfn = 0x400000000
[    0.001100] check: Scanning 1 areas for low memory corruption
[    0.001106] Using GB pages for direct mapping
[    0.001108] BRK [0x3f6001000, 0x3f6001fff] PGTABLE
[    0.001109] BRK [0x3f6002000, 0x3f6002fff] PGTABLE
[    0.001110] BRK [0x3f6003000, 0x3f6003fff] PGTABLE
[    0.001127] BRK [0x3f6004000, 0x3f6004fff] PGTABLE
[    0.001128] BRK [0x3f6005000, 0x3f6005fff] PGTABLE
[    0.001192] BRK [0x3f6006000, 0x3f6006fff] PGTABLE
[    0.001207] BRK [0x3f6007000, 0x3f6007fff] PGTABLE
[    0.001236] RAMDISK: [mem 0x36f6b000-0x377acfff]
[    0.001240] ACPI: Early table checksum verification disabled
[    0.001266] ACPI: RSDP 0x00000000000F0000 000024 (v02 COREv4)
[    0.001268] ACPI: XSDT 0x000000006FA9C0E0 00005C (v01 COREv4 COREBOOT 00000000 CORE 20190703)
[    0.001272] ACPI: FACP 0x000000006FA9ECF0 0000F4 (v04 COREv4 COREBOOT 00000000 CORE 20190703)
[    0.001275] ACPI: DSDT 0x000000006FA9C280 002A61 (v02 COREv4 COREBOOT 20110725 INTL 20190703)
[    0.001277] ACPI: FACS 0x000000006FA9C240 000040
[    0.001279] ACPI: FACS 0x000000006FA9C240 000040
[    0.001280] ACPI: SSDT 0x000000006FA9EDF0 000FE4 (v02 COREv4 COREBOOT 0000002A CORE 20190703)
[    0.001282] ACPI: MCFG 0x000000006FA9FDE0 00003C (v01 COREv4 COREBOOT 00000000 CORE 20190703)
[    0.001284] ACPI: APIC 0x000000006FA9FE20 00008C (v02 COREv4 COREBOOT 00000000 CORE 20190703)
[    0.001286] ACPI: DMAR 0x000000006FA9FEB0 000050 (v01 COREv4 COREBOOT 00000000 CORE 20190703)
[    0.001287] ACPI: HPET 0x000000006FA9FF00 000038 (v01 COREv4 COREBOOT 00000000 CORE 20190703)
[    0.001289] ACPI: SPMI 0x000000006FA9FF40 000041 (v05 COREv4 COREBOOT 00000000 CORE 20190703)
[    0.001294] ACPI: Local APIC address 0xfee00000
[    0.001297] mapped APIC to ffffffffff5fd000 (        fee00000)
[    0.001337] No NUMA configuration found
[    0.001338] Faking a node at [mem 0x0000000000000000-0x00000008877fffff]
[    0.001340] NODE_DATA(0) allocated [mem 0x8877fc000-0x8877fffff]
[    0.001358] Zone ranges:
[    0.001359]   DMA      [mem 0x0000000000001000-0x0000000000ffffff]
[    0.001360]   DMA32    [mem 0x0000000001000000-0x00000000ffffffff]
[    0.001361]   Normal   [mem 0x0000000100000000-0x00000008877fffff]
[    0.001362] Movable zone start for each node
[    0.001363] Early memory node ranges
[    0.001363]   node   0: [mem 0x0000000000001000-0x000000000009ffff]
[    0.001364]   node   0: [mem 0x0000000000100000-0x000000006fa99fff]
[    0.001364]   node   0: [mem 0x0000000100000000-0x00000008877fffff]
[    0.001372] Zeroed struct page in unavailable ranges: 1479 pages
[    0.001373] Initmem setup node 0 [mem 0x0000000000001000-0x00000008877fffff]
[    0.001374] On node 0 totalpages: 8352313
[    0.001375]   DMA zone: 64 pages used for memmap
[    0.001375]   DMA zone: 22 pages reserved
[    0.001376]   DMA zone: 3999 pages, LIFO batch:0
[    0.001402]   DMA32 zone: 7083 pages used for memmap
[    0.001403]   DMA32 zone: 453274 pages, LIFO batch:63
[    0.005181]   Normal zone: 123360 pages used for memmap
[    0.005182]   Normal zone: 7895040 pages, LIFO batch:63
[    0.055374] ACPI: PM-Timer IO Port: 0x1808
[    0.055375] ACPI: Local APIC address 0xfee00000
[    0.055405] IOAPIC[0]: apic_id 2, version 32, address 0xfec00000, GSI 0-119
[    0.055406] ACPI: INT_SRC_OVR (bus 0 bus_irq 0 global_irq 2 dfl dfl)
[    0.055408] Int: type 0, pol 0, trig 0, bus 00, IRQ 00, APIC ID 2, APIC INT 02
[    0.055409] ACPI: INT_SRC_OVR (bus 0 bus_irq 9 global_irq 9 high level)
[    0.055409] Int: type 0, pol 1, trig 3, bus 00, IRQ 09, APIC ID 2, APIC INT 09
[    0.055410] ACPI: IRQ0 used by override.
[    0.055411] Int: type 0, pol 0, trig 0, bus 00, IRQ 01, APIC ID 2, APIC INT 01
[    0.055412] Int: type 0, pol 0, trig 0, bus 00, IRQ 03, APIC ID 2, APIC INT 03
[    0.055412] Int: type 0, pol 0, trig 0, bus 00, IRQ 04, APIC ID 2, APIC INT 04
[    0.055413] Int: type 0, pol 0, trig 0, bus 00, IRQ 05, APIC ID 2, APIC INT 05
[    0.055414] Int: type 0, pol 0, trig 0, bus 00, IRQ 06, APIC ID 2, APIC INT 06
[    0.055414] Int: type 0, pol 0, trig 0, bus 00, IRQ 07, APIC ID 2, APIC INT 07
[    0.055415] Int: type 0, pol 0, trig 0, bus 00, IRQ 08, APIC ID 2, APIC INT 08
[    0.055415] ACPI: IRQ9 used by override.
[    0.055416] Int: type 0, pol 0, trig 0, bus 00, IRQ 0a, APIC ID 2, APIC INT 0a
[    0.055417] Int: type 0, pol 0, trig 0, bus 00, IRQ 0b, APIC ID 2, APIC INT 0b
[    0.055417] Int: type 0, pol 0, trig 0, bus 00, IRQ 0c, APIC ID 2, APIC INT 0c
[    0.055418] Int: type 0, pol 0, trig 0, bus 00, IRQ 0d, APIC ID 2, APIC INT 0d
[    0.055419] Int: type 0, pol 0, trig 0, bus 00, IRQ 0e, APIC ID 2, APIC INT 0e
[    0.055419] Int: type 0, pol 0, trig 0, bus 00, IRQ 0f, APIC ID 2, APIC INT 0f
[    0.055420] Using ACPI (MADT) for SMP configuration information
[    0.055421] ACPI: HPET id: 0x8086a701 base: 0xfed00000
[    0.055423] smpboot: Allowing 8 CPUs, 0 hotplug CPUs
[    0.055425] mapped IOAPIC to ffffffffff5fc000 (fec00000)
[    0.055432] [mem 0x78800000-0xdfffffff] available for PCI devices
[    0.055434] clocksource: refined-jiffies: mask: 0xffffffff max_cycles: 0xffffffff, max_idle_ns: 7645519600211568 ns
[    0.205636] setup_percpu: NR_CPUS:32 nr_cpumask_bits:32 nr_cpu_ids:8 nr_node_ids:1
[    0.205763] percpu: Embedded 52 pages/cpu s175184 r8192 d29616 u262144
[    0.205767] pcpu-alloc: s175184 r8192 d29616 u262144 alloc=1*2097152
[    0.205768] pcpu-alloc: [0] 0 1 2 3 4 5 6 7 
[    0.205780] Built 1 zonelists, mobility grouping on.  Total pages: 8221784
[    0.205781] Policy zone: Normal
[    0.205782] Kernel command line: BOOT_IMAGE=/boot/vmlinuz-5.2.0+ console=ttyS0,115200 root=/dev/sda2 debug apic=debug pnp.debug=1 acpi.debug_layer=0xffffffff acpi.debug_level=0xffffffff
[    0.258436] Memory: 32771796K/33409252K available (18452K kernel code, 2282K rwdata, 6104K rodata, 1760K init, 1532K bss, 637456K reserved, 0K cma-reserved)
[    0.258520] SLUB: HWalign=64, Order=0-3, MinObjects=0, CPUs=8, Nodes=1
[    0.258525] Kernel/User page tables isolation: enabled
[    0.258534] ftrace: allocating 55013 entries in 215 pages
[    0.274306] rcu: Hierarchical RCU implementation.
[    0.274307] rcu: 	RCU restricting CPUs from NR_CPUS=32 to nr_cpu_ids=8.
[    0.274308] rcu: RCU calculated value of scheduler-enlistment delay is 25 jiffies.
[    0.274309] rcu: Adjusting geometry for rcu_fanout_leaf=16, nr_cpu_ids=8
[    0.275607] NR_IRQS: 4352, nr_irqs: 2048, preallocated irqs: 16
[    0.275909] random: get_random_bytes called from start_kernel+0x352/0x51e with crng_init=0
[    0.275923] Console: colour dummy device 80x25
[    1.162986] printk: console [ttyS0] enabled
[    1.167181] ACPI: Core revision 20190509
[    1.171258] clocksource: hpet: mask: 0xffffffff max_cycles: 0xffffffff, max_idle_ns: 79635855245 ns
[    1.180322] hpet clockevent registered
[    1.184077] APIC: Switch to symmetric I/O mode setup
[    1.189067] DMAR: Host address width 39
[    1.192930] DMAR: DRHD base: 0x000000fed90000 flags: 0x1
[    1.198271] DMAR: dmar0: reg_base_addr fed90000 ver 1:0 cap d2008c40660462 ecap f050da
[    1.206209] DMAR-IR: IOAPIC id 2 under DRHD base  0xfed90000 IOMMU 0
[    1.212587] DMAR-IR: HPET id 0 under DRHD base 0xfed90000
[    1.219318] DMAR-IR: Enabled IRQ remapping in xapic mode
[    1.224669] enabled ExtINT on CPU#0
[    1.231842] ENABLING IO-APIC IRQs
[    1.235190] init IO_APIC IRQs
[    1.238189]  apic 2 pin 0 not connected
[    1.242055] IOAPIC[2]: Set IRTE entry (P:1 FPD:0 Dst_Mode:1 Redir_hint:1 Trig_Mode:0 Dlvry_Mode:0 Avail:0 Vector:EF Dest:00000100 SID:FAF8 SQ:0 SVT:1)
[    1.255544] IOAPIC[0]: Set routing entry (2-1 -> 0xef -> IRQ 1 Mode:0 Active:0 Dest:1)
[    1.263480] IOAPIC[2]: Set IRTE entry (P:1 FPD:0 Dst_Mode:1 Redir_hint:1 Trig_Mode:0 Dlvry_Mode:0 Avail:0 Vector:30 Dest:00000100 SID:FAF8 SQ:0 SVT:1)
[    1.276968] IOAPIC[0]: Set routing entry (2-2 -> 0x30 -> IRQ 0 Mode:0 Active:0 Dest:1)
[    1.284878] IOAPIC[2]: Set IRTE entry (P:1 FPD:0 Dst_Mode:1 Redir_hint:1 Trig_Mode:0 Dlvry_Mode:0 Avail:0 Vector:EF Dest:00000100 SID:FAF8 SQ:0 SVT:1)
[    1.298341] IOAPIC[0]: Set routing entry (2-3 -> 0xef -> IRQ 3 Mode:0 Active:0 Dest:1)
[    1.306251] IOAPIC[2]: Set IRTE entry (P:1 FPD:0 Dst_Mode:1 Redir_hint:1 Trig_Mode:0 Dlvry_Mode:0 Avail:0 Vector:EF Dest:00000100 SID:FAF8 SQ:0 SVT:1)
[    1.319715] IOAPIC[0]: Set routing entry (2-4 -> 0xef -> IRQ 4 Mode:0 Active:0 Dest:1)
[    1.327625] IOAPIC[2]: Set IRTE entry (P:1 FPD:0 Dst_Mode:1 Redir_hint:1 Trig_Mode:0 Dlvry_Mode:0 Avail:0 Vector:EF Dest:00000100 SID:FAF8 SQ:0 SVT:1)
[    1.341088] IOAPIC[0]: Set routing entry (2-5 -> 0xef -> IRQ 5 Mode:0 Active:0 Dest:1)
[    1.348997] IOAPIC[2]: Set IRTE entry (P:1 FPD:0 Dst_Mode:1 Redir_hint:1 Trig_Mode:0 Dlvry_Mode:0 Avail:0 Vector:EF Dest:00000100 SID:FAF8 SQ:0 SVT:1)
[    1.362460] IOAPIC[0]: Set routing entry (2-6 -> 0xef -> IRQ 6 Mode:0 Active:0 Dest:1)
[    1.370370] IOAPIC[2]: Set IRTE entry (P:1 FPD:0 Dst_Mode:1 Redir_hint:1 Trig_Mode:0 Dlvry_Mode:0 Avail:0 Vector:EF Dest:00000100 SID:FAF8 SQ:0 SVT:1)
[    1.383832] IOAPIC[0]: Set routing entry (2-7 -> 0xef -> IRQ 7 Mode:0 Active:0 Dest:1)
[    1.391742] IOAPIC[2]: Set IRTE entry (P:1 FPD:0 Dst_Mode:1 Redir_hint:1 Trig_Mode:0 Dlvry_Mode:0 Avail:0 Vector:EF Dest:00000100 SID:FAF8 SQ:0 SVT:1)
[    1.405204] IOAPIC[0]: Set routing entry (2-8 -> 0xef -> IRQ 8 Mode:0 Active:0 Dest:1)
[    1.413114] IOAPIC[2]: Set IRTE entry (P:1 FPD:0 Dst_Mode:1 Redir_hint:1 Trig_Mode:0 Dlvry_Mode:0 Avail:0 Vector:EF Dest:00000100 SID:FAF8 SQ:0 SVT:1)
[    1.426576] IOAPIC[0]: Set routing entry (2-9 -> 0xef -> IRQ 9 Mode:1 Active:0 Dest:1)
[    1.434487] IOAPIC[2]: Set IRTE entry (P:1 FPD:0 Dst_Mode:1 Redir_hint:1 Trig_Mode:0 Dlvry_Mode:0 Avail:0 Vector:EF Dest:00000100 SID:FAF8 SQ:0 SVT:1)
[    1.447950] IOAPIC[0]: Set routing entry (2-10 -> 0xef -> IRQ 10 Mode:0 Active:0 Dest:1)
[    1.456032] IOAPIC[2]: Set IRTE entry (P:1 FPD:0 Dst_Mode:1 Redir_hint:1 Trig_Mode:0 Dlvry_Mode:0 Avail:0 Vector:EF Dest:00000100 SID:FAF8 SQ:0 SVT:1)
[    1.469494] IOAPIC[0]: Set routing entry (2-11 -> 0xef -> IRQ 11 Mode:0 Active:0 Dest:1)
[    1.477580] IOAPIC[2]: Set IRTE entry (P:1 FPD:0 Dst_Mode:1 Redir_hint:1 Trig_Mode:0 Dlvry_Mode:0 Avail:0 Vector:EF Dest:00000100 SID:FAF8 SQ:0 SVT:1)
[    1.491041] IOAPIC[0]: Set routing entry (2-12 -> 0xef -> IRQ 12 Mode:0 Active:0 Dest:1)
[    1.499123] IOAPIC[2]: Set IRTE entry (P:1 FPD:0 Dst_Mode:1 Redir_hint:1 Trig_Mode:0 Dlvry_Mode:0 Avail:0 Vector:EF Dest:00000100 SID:FAF8 SQ:0 SVT:1)
[    1.512585] IOAPIC[0]: Set routing entry (2-13 -> 0xef -> IRQ 13 Mode:0 Active:0 Dest:1)
[    1.520671] IOAPIC[2]: Set IRTE entry (P:1 FPD:0 Dst_Mode:1 Redir_hint:1 Trig_Mode:0 Dlvry_Mode:0 Avail:0 Vector:EF Dest:00000100 SID:FAF8 SQ:0 SVT:1)
[    1.534133] IOAPIC[0]: Set routing entry (2-14 -> 0xef -> IRQ 14 Mode:0 Active:0 Dest:1)
[    1.542214] IOAPIC[2]: Set IRTE entry (P:1 FPD:0 Dst_Mode:1 Redir_hint:1 Trig_Mode:0 Dlvry_Mode:0 Avail:0 Vector:EF Dest:00000100 SID:FAF8 SQ:0 SVT:1)
[    1.555678] IOAPIC[0]: Set routing entry (2-15 -> 0xef -> IRQ 15 Mode:0 Active:0 Dest:1)
[    1.563759]  apic 2 pin 16 not connected
[    1.567687]  apic 2 pin 17 not connected
[    1.571614]  apic 2 pin 18 not connected
[    1.575538]  apic 2 pin 19 not connected
[    1.579466]  apic 2 pin 20 not connected
[    1.583390]  apic 2 pin 21 not connected
[    1.587318]  apic 2 pin 22 not connected
[    1.591241]  apic 2 pin 23 not connected
[    1.595169]  apic 2 pin 24 not connected
[    1.599097]  apic 2 pin 25 not connected
[    1.603020]  apic 2 pin 26 not connected
[    1.606948]  apic 2 pin 27 not connected
[    1.610872]  apic 2 pin 28 not connected
[    1.614799]  apic 2 pin 29 not connected
[    1.618727]  apic 2 pin 30 not connected
[    1.622651]  apic 2 pin 31 not connected
[    1.626579]  apic 2 pin 32 not connected
[    1.630503]  apic 2 pin 33 not connected
[    1.634430]  apic 2 pin 34 not connected
[    1.638358]  apic 2 pin 35 not connected
[    1.642281]  apic 2 pin 36 not connected
[    1.646209]  apic 2 pin 37 not connected
[    1.650133]  apic 2 pin 38 not connected
[    1.654060]  apic 2 pin 39 not connected
[    1.657987]  apic 2 pin 40 not connected
[    1.661914]  apic 2 pin 41 not connected
[    1.665837]  apic 2 pin 42 not connected
[    1.669764]  apic 2 pin 43 not connected
[    1.673692]  apic 2 pin 44 not connected
[    1.677619]  apic 2 pin 45 not connected
[    1.681542]  apic 2 pin 46 not connected
[    1.685469]  apic 2 pin 47 not connected
[    1.689397]  apic 2 pin 48 not connected
[    1.693323]  apic 2 pin 49 not connected
[    1.697246]  apic 2 pin 50 not connected
[    1.701174]  apic 2 pin 51 not connected
[    1.705102]  apic 2 pin 52 not connected
[    1.709025]  apic 2 pin 53 not connected
[    1.712953]  apic 2 pin 54 not connected
[    1.716880]  apic 2 pin 55 not connected
[    1.720804]  apic 2 pin 56 not connected
[    1.724731]  apic 2 pin 57 not connected
[    1.728659]  apic 2 pin 58 not connected
[    1.732582]  apic 2 pin 59 not connected
[    1.736510]  apic 2 pin 60 not connected
[    1.740433]  apic 2 pin 61 not connected
[    1.744361]  apic 2 pin 62 not connected
[    1.748289]  apic 2 pin 63 not connected
[    1.752212]  apic 2 pin 64 not connected
[    1.756140]  apic 2 pin 65 not connected
[    1.760067]  apic 2 pin 66 not connected
[    1.763991]  apic 2 pin 67 not connected
[    1.767919]  apic 2 pin 68 not connected
[    1.771843]  apic 2 pin 69 not connected
[    1.775771]  apic 2 pin 70 not connected
[    1.779695]  apic 2 pin 71 not connected
[    1.783622]  apic 2 pin 72 not connected
[    1.787550]  apic 2 pin 73 not connected
[    1.791473]  apic 2 pin 74 not connected
[    1.795401]  apic 2 pin 75 not connected
[    1.799325]  apic 2 pin 76 not connected
[    1.803253]  apic 2 pin 77 not connected
[    1.807181]  apic 2 pin 78 not connected
[    1.811104]  apic 2 pin 79 not connected
[    1.815032]  apic 2 pin 80 not connected
[    1.818959]  apic 2 pin 81 not connected
[    1.822882]  apic 2 pin 82 not connected
[    1.826810]  apic 2 pin 83 not connected
[    1.830734]  apic 2 pin 84 not connected
[    1.834661]  apic 2 pin 85 not connected
[    1.838588]  apic 2 pin 86 not connected
[    1.842515]  apic 2 pin 87 not connected
[    1.846439]  apic 2 pin 88 not connected
[    1.850366]  apic 2 pin 89 not connected
[    1.854294]  apic 2 pin 90 not connected
[    1.858218]  apic 2 pin 91 not connected
[    1.862146]  apic 2 pin 92 not connected
[    1.866069]  apic 2 pin 93 not connected
[    1.869997]  apic 2 pin 94 not connected
[    1.873921]  apic 2 pin 95 not connected
[    1.877849]  apic 2 pin 96 not connected
[    1.881776]  apic 2 pin 97 not connected
[    1.885700]  apic 2 pin 98 not connected
[    1.889628]  apic 2 pin 99 not connected
[    1.893552]  apic 2 pin 100 not connected
[    1.897566]  apic 2 pin 101 not connected
[    1.901579]  apic 2 pin 102 not connected
[    1.905594]  apic 2 pin 103 not connected
[    1.909604]  apic 2 pin 104 not connected
[    1.913618]  apic 2 pin 105 not connected
[    1.917632]  apic 2 pin 106 not connected
[    1.921641]  apic 2 pin 107 not connected
[    1.925655]  apic 2 pin 108 not connected
[    1.929668]  apic 2 pin 109 not connected
[    1.933682]  apic 2 pin 110 not connected
[    1.937692]  apic 2 pin 111 not connected
[    1.941706]  apic 2 pin 112 not connected
[    1.945720]  apic 2 pin 113 not connected
[    1.949734]  apic 2 pin 114 not connected
[    1.953744]  apic 2 pin 115 not connected
[    1.957758]  apic 2 pin 116 not connected
[    1.961772]  apic 2 pin 117 not connected
[    1.965783]  apic 2 pin 118 not connected
[    1.969796]  apic 2 pin 119 not connected
[    1.973978] ..TIMER: vector=0x30 apic1=0 pin1=2 apic2=-1 pin2=-1
[    1.996322] clocksource: tsc-early: mask: 0xffffffffffffffff max_cycles: 0x3282142a9b0, max_idle_ns: 440795384778 ns
[    2.006835] Calibrating delay loop (skipped), value calculated using timer frequency.. 7008.00 BogoMIPS (lpj=14016000)
[    2.010834] pid_max: default: 32768 minimum: 301
[    2.014854] LSM: Security Framework initializing
[    2.018836] Yama: becoming mindful.
[    2.027561] Dentry cache hash table entries: 4194304 (order: 13, 33554432 bytes)
[    2.032222] Inode-cache hash table entries: 2097152 (order: 12, 16777216 bytes)
[    2.034883] Mount-cache hash table entries: 65536 (order: 7, 524288 bytes)
[    2.038878] Mountpoint-cache hash table entries: 65536 (order: 7, 524288 bytes)
[    2.042923] *** VALIDATE proc ***
[    2.046863] *** VALIDATE cgroup1 ***
[    2.050835] *** VALIDATE cgroup2 ***
[    2.054867] mce: CPU0: Thermal monitoring enabled (TM1)
[    2.058847] process: using mwait in idle threads
[    2.062835] Last level iTLB entries: 4KB 64, 2MB 8, 4MB 8
[    2.066834] Last level dTLB entries: 4KB 64, 2MB 0, 4MB 0, 1GB 4
[    2.070835] Spectre V2 : Mitigation: Full generic retpoline
[    2.074834] Spectre V2 : Spectre v2 / SpectreRSB mitigation: Filling RSB on context switch
[    2.078834] Spectre V2 : Enabling Restricted Speculation for firmware calls
[    2.082835] Spectre V2 : mitigation: Enabling conditional Indirect Branch Prediction Barrier
[    2.086834] Spectre V2 : User space: Mitigation: STIBP via seccomp and prctl
[    2.090834] Speculative Store Bypass: Mitigation: Speculative Store Bypass disabled via prctl and seccomp
[    2.094836] MDS: Mitigation: Clear CPU buffers
[    2.099049] Freeing SMP alternatives memory: 44K
[    2.106874] TSC deadline timer enabled
[    2.110629] smpboot: CPU0: Intel(R) Xeon(R) CPU E3-1230 v6 @ 3.50GHz (family: 0x6, model: 0x9e, stepping: 0x9)
[    2.110881] Performance Events: PEBS fmt3+, Skylake events, 32-deep LBR, full-width counters, Intel PMU driver.
[    2.114836] ... version:                4
[    2.118834] ... bit width:              48
[    2.122834] ... generic registers:      4
[    2.126834] ... value mask:             0000ffffffffffff
[    2.130834] ... max period:             00007fffffffffff
[    2.134834] ... fixed-purpose events:   3
[    2.138834] ... event mask:             000000070000000f
[    2.142859] rcu: Hierarchical SRCU implementation.
[    2.147707] NMI watchdog: Enabled. Permanently consumes one hw-PMU counter.
[    2.150876] smp: Bringing up secondary CPUs ...
[    2.154876] x86: Booting SMP configuration:
[    2.158836] .... node  #0, CPUs:      #1
[    1.654961] masked ExtINT on CPU#1
[    2.166971] MDS CPU bug present and SMT on, data leak possible. See https://www.kernel.org/doc/html/latest/admin-guide/hw-vuln/mds.html for more details.
[    2.170892]  #2
[    1.654961] masked ExtINT on CPU#2
[    2.176765]  #3
[    1.654961] masked ExtINT on CPU#3
[    2.182625]  #4
[    1.654961] masked ExtINT on CPU#4
[    2.188483]  #5
[    1.654961] masked ExtINT on CPU#5
[    2.194346]  #6
[    1.654961] masked ExtINT on CPU#6
[    2.200203]  #7
[    1.654961] masked ExtINT on CPU#7
[    2.206066] smp: Brought up 1 node, 8 CPUs
[    2.206835] smpboot: Max logical packages: 1
[    2.210834] ----------------
[    2.213719] | NMI testsuite:
[    2.214834] --------------------
[    2.218065]   remote IPI:  ok  |
[    2.218834]    local IPI:  ok  |
[    2.222065] --------------------
[    2.222834] Good, all   2 testcases passed! |
[    2.226834] ---------------------------------
[    2.230834] smpboot: Total of 8 processors activated (56064.00 BogoMIPS)
[    2.239330] devtmpfs: initialized
[    2.242185] x86/mm: Memory block size: 128MB
[    2.244204] clocksource: jiffies: mask: 0xffffffff max_cycles: 0xffffffff, max_idle_ns: 7645041785100000 ns
[    2.246842] futex hash table entries: 2048 (order: 5, 131072 bytes)
[    2.250876] xor: automatically using best checksumming function   avx       
[    2.254883] NET: Registered protocol family 16
[    2.258911] audit: initializing netlink subsys (disabled)
[    2.262842] audit: type=2000 audit(1569179049.336:1): state=initialized audit_enabled=0 res=1
[    2.262879] i2c-core: driver [dummy] registered
[    2.270838] cpuidle: using governor ladder
[    2.274841] cpuidle: using governor menu
[    2.278867] ACPI: bus type PCI registered
[    2.282835] acpiphp: ACPI Hot Plug PCI Controller Driver version: 0.5
[    2.286864] PCI: MMCONFIG for domain 0000 [bus 00-3f] at [mem 0xe0000000-0xe3ffffff] (base 0xe0000000)
[    2.290835] PCI: MMCONFIG at [mem 0xe0000000-0xe3ffffff] reserved in E820
[    2.294839] PCI: Using configuration type 1 for base access
[    2.300041] HugeTLB registered 1.00 GiB page size, pre-allocated 0 pages
[    2.306836] HugeTLB registered 2.00 MiB page size, pre-allocated 0 pages
[    2.314848] cryptd: max_cpu_qlen set to 1000
[    2.318858] raid6: using algorithm avx2x4 gen() 0 MB/s
[    2.322836] raid6: .... xor() 0 MB/s, rmw enabled
[    2.326835] raid6: using avx2x2 recovery algorithm
[    2.334852] ACPI: Added _OSI(Module Device)
[    2.338836] ACPI: Added _OSI(Processor Device)
[    2.342834] ACPI: Added _OSI(3.0 _SCP Extensions)
[    2.346837] ACPI: Added _OSI(Processor Aggregator Device)
[    2.350834] ACPI: Added _OSI(Linux-Dell-Video)
[    2.354836] ACPI: Added _OSI(Linux-Lenovo-NV-HDMI-Audio)
[    2.362836] ACPI: Added _OSI(Linux-HPI-Hybrid-Graphics)
[    2.367709] ACPI: 2 ACPI AML tables successfully acquired and loaded
[    2.375570] ACPI: Interpreter enabled
[    2.378837] ACPI: (supports S0 S5)
[    2.382834] ACPI: Using IOAPIC for interrupt routing
[    2.386847] PCI: Using host bridge windows from ACPI; if necessary, use "pci=nocrs" and report a bug
[    2.396709] ACPI: PCI Root Bridge [PCI0] (domain 0000 [bus 00-ff])
[    2.402838] acpi PNP0A08:00: _OSC: OS supports [ExtendedConfig ASPM ClockPM Segments MSI HPX-Type3]
[    2.414855] acpi PNP0A08:00: _OSC: OS now controls [PCIeHotplug PME AER PCIeCapability LTR]
[    2.422839] acpi PNP0A08:00: [Firmware Info]: MMCONFIG for domain 0000 [bus 00-3f] only partially covers this bridge
[    2.431077] PCI host bridge to bus 0000:00
[    2.438836] pci_bus 0000:00: root bus resource [io  0x0000-0x0cf7 window]
[    2.442835] pci_bus 0000:00: root bus resource [io  0x0d00-0xffff window]
[    2.450835] pci_bus 0000:00: root bus resource [mem 0x000a0000-0x000bffff window]
[    2.458834] pci_bus 0000:00: root bus resource [mem 0x000c0000-0x000c3fff window]
[    2.466834] pci_bus 0000:00: root bus resource [mem 0x000c4000-0x000c7fff window]
[    2.474834] pci_bus 0000:00: root bus resource [mem 0x000c8000-0x000cbfff window]
[    2.478834] pci_bus 0000:00: root bus resource [mem 0x000cc000-0x000cffff window]
[    2.486834] pci_bus 0000:00: root bus resource [mem 0x000d0000-0x000d3fff window]
[    2.494834] pci_bus 0000:00: root bus resource [mem 0x000d4000-0x000d7fff window]
[    2.502834] pci_bus 0000:00: root bus resource [mem 0x000d8000-0x000dbfff window]
[    2.510834] pci_bus 0000:00: root bus resource [mem 0x000dc000-0x000dffff window]
[    2.518834] pci_bus 0000:00: root bus resource [mem 0x000e0000-0x000e3fff window]
[    2.526835] pci_bus 0000:00: root bus resource [mem 0x000e4000-0x000e7fff window]
[    2.530834] pci_bus 0000:00: root bus resource [mem 0x000e8000-0x000ebfff window]
[    2.538834] pci_bus 0000:00: root bus resource [mem 0x000ec000-0x000effff window]
[    2.546834] pci_bus 0000:00: root bus resource [mem 0x000f0000-0x000fffff window]
[    2.554834] pci_bus 0000:00: root bus resource [mem 0x78800001-0xdfffffff window]
[    2.562834] pci_bus 0000:00: root bus resource [mem 0xfd000000-0xfe7fffff window]
[    2.570834] pci_bus 0000:00: root bus resource [mem 0xfed40000-0xfed44fff window]
[    2.578835] pci_bus 0000:00: root bus resource [bus 00-ff]
[    2.582839] pci 0000:00:00.0: [8086:5918] type 00 class 0x060000
[    2.590911] pci 0000:00:01.0: [8086:1901] type 01 class 0x060400
[    2.594867] pci 0000:00:01.0: PME# supported from D0 D3hot D3cold
[    2.602890] pci 0000:00:01.1: [8086:1905] type 01 class 0x060400
[    2.606868] pci 0000:00:01.1: PME# supported from D0 D3hot D3cold
[    2.614914] pci 0000:00:04.0: [8086:1903] type 00 class 0x118000
[    2.618844] pci 0000:00:04.0: reg 0x10: [mem 0xdf410000-0xdf417fff 64bit]
[    2.626962] pci 0000:00:14.0: [8086:a12f] type 00 class 0x0c0330
[    2.630866] pci 0000:00:14.0: reg 0x10: [mem 0xdf400000-0xdf40ffff 64bit]
[    2.638930] pci 0000:00:14.0: PME# supported from D3hot D3cold
[    2.646906] pci 0000:00:14.2: [8086:a131] type 00 class 0x118000
[    2.650866] pci 0000:00:14.2: reg 0x10: [mem 0xdf41e000-0xdf41efff 64bit]
[    2.659008] pci 0000:00:16.0: [8086:a13a] type 00 class 0x078000
[    2.662863] pci 0000:00:16.0: reg 0x10: [mem 0xdf41f000-0xdf41ffff 64bit]
[    2.670915] pci 0000:00:16.0: PME# supported from D3hot
[    2.674923] pci 0000:00:17.0: [8086:a102] type 00 class 0x010601
[    2.682861] pci 0000:00:17.0: reg 0x10: [mem 0xdf41c000-0xdf41dfff]
[    2.690845] pci 0000:00:17.0: reg 0x14: [mem 0xdf422000-0xdf4220ff]
[    2.694845] pci 0000:00:17.0: reg 0x18: [io  0x6020-0x6027]
[    2.698845] pci 0000:00:17.0: reg 0x1c: [io  0x6028-0x602b]
[    2.706845] pci 0000:00:17.0: reg 0x20: [io  0x6000-0x601f]
[    2.710845] pci 0000:00:17.0: reg 0x24: [mem 0xdf421000-0xdf4217ff]
[    2.718894] pci 0000:00:17.0: PME# supported from D3hot
[    2.722919] pci 0000:00:1d.0: [8086:a118] type 01 class 0x060400
[    2.730967] pci 0000:00:1d.0: PME# supported from D0 D3hot D3cold
[    2.734854] pci 0000:00:1d.0: Intel SPT PCH root port ACS workaround enabled
[    2.742909] pci 0000:00:1d.1: [8086:a119] type 01 class 0x060400
[    2.750966] pci 0000:00:1d.1: PME# supported from D0 D3hot D3cold
[    2.754854] pci 0000:00:1d.1: Intel SPT PCH root port ACS workaround enabled
[    2.762906] pci 0000:00:1d.2: [8086:a11a] type 01 class 0x060400
[    2.766965] pci 0000:00:1d.2: PME# supported from D0 D3hot D3cold
[    2.774853] pci 0000:00:1d.2: Intel SPT PCH root port ACS workaround enabled
[    2.782919] pci 0000:00:1f.0: [8086:a149] type 00 class 0x060100
[    2.786985] pci 0000:00:1f.2: [8086:a121] type 00 class 0x058000
[    2.794854] pci 0000:00:1f.2: reg 0x10: [mem 0xdf418000-0xdf41bfff]
[    2.798969] pci 0000:00:1f.4: [8086:a123] type 00 class 0x0c0500
[    2.806894] pci 0000:00:1f.4: reg 0x10: [mem 0xdf423000-0xdf4230ff 64bit]
[    2.814904] pci 0000:00:1f.4: reg 0x20: [io  0xefa0-0xefbf]
[    2.818959] pci 0000:00:1f.5: [8086:a124] type 00 class 0x000000
[    2.826855] pci 0000:00:1f.5: reg 0x10: [mem 0xfe010000-0xfe010fff]
[    2.830970] pci 0000:00:01.0: PCI bridge to [bus 01]
[    2.834864] pci 0000:02:00.0: [10ec:8812] type 00 class 0x028000
[    2.842857] pci 0000:02:00.0: reg 0x10: [io  0x2000-0x20ff]
[    2.846855] pci 0000:02:00.0: reg 0x18: [mem 0xdf100000-0xdf103fff 64bit]
[    2.854918] pci 0000:02:00.0: supports D1 D2
[    2.858834] pci 0000:02:00.0: PME# supported from D0 D1 D2 D3hot D3cold
[    2.866920] pci 0000:00:01.1: PCI bridge to [bus 02]
[    2.870835] pci 0000:00:01.1:   bridge window [io  0x2000-0x2fff]
[    2.874835] pci 0000:00:01.1:   bridge window [mem 0xdf100000-0xdf1fffff]
[    2.882906] pci 0000:03:00.0: [8086:1533] type 00 class 0x020000
[    2.890878] pci 0000:03:00.0: reg 0x10: [mem 0xdf200000-0xdf27ffff]
[    2.894866] pci 0000:03:00.0: reg 0x18: [io  0x3000-0x301f]
[    2.902855] pci 0000:03:00.0: reg 0x1c: [mem 0xdf280000-0xdf283fff]
[    2.906980] pci 0000:03:00.0: PME# supported from D0 D3hot D3cold
[    2.914992] pci 0000:00:1d.0: PCI bridge to [bus 03]
[    2.918837] pci 0000:00:1d.0:   bridge window [io  0x3000-0x3fff]
[    2.926837] pci 0000:00:1d.0:   bridge window [mem 0xdf200000-0xdf2fffff]
[    2.930911] pci 0000:04:00.0: [8086:1533] type 00 class 0x020000
[    2.938878] pci 0000:04:00.0: reg 0x10: [mem 0xdf300000-0xdf37ffff]
[    2.942866] pci 0000:04:00.0: reg 0x18: [io  0x4000-0x401f]
[    2.950855] pci 0000:04:00.0: reg 0x1c: [mem 0xdf380000-0xdf383fff]
[    2.954980] pci 0000:04:00.0: PME# supported from D0 D3hot D3cold
[    2.962991] pci 0000:00:1d.1: PCI bridge to [bus 04]
[    2.966837] pci 0000:00:1d.1:   bridge window [io  0x4000-0x4fff]
[    2.974837] pci 0000:00:1d.1:   bridge window [mem 0xdf300000-0xdf3fffff]
[    2.978898] pci 0000:05:00.0: [1a03:1150] type 01 class 0x060400
[    2.986907] pci 0000:05:00.0: enabling Extended Tags
[    2.990905] pci 0000:05:00.0: supports D1 D2
[    2.994834] pci 0000:05:00.0: PME# supported from D0 D1 D2 D3hot D3cold
[    3.002890] pci 0000:05:00.0: disabling ASPM on pre-1.1 PCIe device.  You can enable it with 'pcie_aspm=force'
[    3.010842] pci 0000:00:1d.2: PCI bridge to [bus 05-06]
[    3.018837] pci 0000:00:1d.2:   bridge window [io  0x5000-0x5fff]
[    3.022837] pci 0000:00:1d.2:   bridge window [mem 0xde000000-0xdf0fffff]
[    3.030884] pci_bus 0000:06: extended config space not accessible
[    3.038851] pci 0000:06:00.0: [1a03:2000] type 00 class 0x030000
[    3.042855] pci 0000:06:00.0: reg 0x10: [mem 0xde000000-0xdeffffff]
[    3.050845] pci 0000:06:00.0: reg 0x14: [mem 0xdf000000-0xdf01ffff]
[    3.054845] pci 0000:06:00.0: reg 0x18: [io  0x5000-0x507f]
[    3.062921] pci 0000:06:00.0: supports D1 D2
[    3.066834] pci 0000:06:00.0: PME# supported from D0 D1 D2 D3hot D3cold
[    3.070911] pci 0000:05:00.0: PCI bridge to [bus 06]
[    3.078840] pci 0000:05:00.0:   bridge window [io  0x5000-0x5fff]
[    3.082837] pci 0000:05:00.0:   bridge window [mem 0xde000000-0xdf0fffff]
[    3.090949] ACPI: PCI Interrupt Link [LNKA] (IRQs 3 4 5 6 10 12 14 15) *11
[    3.098872] ACPI: PCI Interrupt Link [LNKB] (IRQs 3 4 5 6 *10 12 14 15)
[    3.102868] ACPI: PCI Interrupt Link [LNKC] (IRQs 3 4 5 6 10 12 14 15) *11
[    3.110868] ACPI: PCI Interrupt Link [LNKD] (IRQs 3 4 5 6 10 12 14 15) *11
[    3.118868] ACPI: PCI Interrupt Link [LNKE] (IRQs 3 4 5 6 10 12 14 15) *11
[    3.122868] ACPI: PCI Interrupt Link [LNKF] (IRQs 3 4 5 6 10 12 14 15) *11
[    3.130868] ACPI: PCI Interrupt Link [LNKG] (IRQs 3 4 5 6 10 12 14 15) *11
[    3.138867] ACPI: PCI Interrupt Link [LNKH] (IRQs 3 4 5 6 10 12 14 15) *11
[    3.147032] SCSI subsystem initialized
[    3.150621] libata version 3.00 loaded.
[    3.154844] ACPI: bus type USB registered
[    3.158843] usbcore: registered new interface driver usbfs
[    3.162838] usbcore: registered new interface driver hub
[    3.166846] usbcore: registered new device driver usb
[    3.174850] EDAC MC: Ver: 3.0.0
[    3.178083] PCI: Using ACPI for IRQ routing
[    3.185181] PCI: pci_cache_line_size set to 64 bytes
[    3.190933] e820: reserve RAM buffer [mem 0x6fa9a000-0x6fffffff]
[    3.198835] e820: reserve RAM buffer [mem 0x887800000-0x887ffffff]
[    3.202886] NET: Registered protocol family 8
[    3.206834] NET: Registered protocol family 20
[    3.211228] hpet0: at MMIO 0xfed00000, IRQs 2, 8, 0, 0, 0, 0, 0, 0
[    3.218836] hpet0: 8 comparators, 64-bit 24.000000 MHz counter
[    3.228874] clocksource: Switched to clocksource tsc-early
[    3.308669] VFS: Disk quotas dquot_6.6.0
[    3.312603] VFS: Dquot-cache hash table entries: 512 (order 0, 4096 bytes)
[    3.319492] FS-Cache: Loaded
[    3.322379] *** VALIDATE hugetlbfs ***
[    3.326158] CacheFiles: Loaded
[    3.329227] pnp: PnP ACPI init
[    3.332298] pnp 00:00: parse allocated resources
[    3.336971] pnp 00:00: PNP0c02: calling quirk_system_pci_resources+0x0/0x120
[    3.344029] pnp 00:00: PNP0c02: calling quirk_intel_mch+0x0/0x180
[    3.350135] system 00:00: [mem 0xfed10000-0xfed17fff] has been reserved
[    3.356752] system 00:00: [mem 0xfed18000-0xfed18fff] has been reserved
[    3.363366] system 00:00: [mem 0xfed19000-0xfed19fff] has been reserved
[    3.369978] system 00:00: [mem 0xe0000000-0xe3ffffff] has been reserved
[    3.376587] system 00:00: [mem 0xfed20000-0xfed3ffff] has been reserved
[    3.383201] system 00:00: [mem 0xfed90000-0xfed93fff] could not be reserved
[    3.390160] system 00:00: [mem 0xfed45000-0xfed8ffff] could not be reserved
[    3.397123] system 00:00: [mem 0xff000000-0xffffffff] has been reserved
[    3.403735] system 00:00: [mem 0xfee00000-0xfeefffff] has been reserved
[    3.410347] system 00:00: [mem 0xfed00000-0xfed003ff] has been reserved
[    3.416962] system 00:00: Plug and Play ACPI device, IDs PNP0c02 (active)
[    3.423833] pnp 00:01: parse allocated resources
[    3.428457] pnp 00:01: PNP0c02: calling quirk_system_pci_resources+0x0/0x120
[    3.435510] pnp 00:01: PNP0c02: calling quirk_intel_mch+0x0/0x180
[    3.441610] system 00:01: [io  0x1800-0x18fe] has been reserved
[    3.447530] system 00:01: Plug and Play ACPI device, IDs PNP0c02 (active)
[    3.454316] pnp 00:02: parse allocated resources
[    3.458944] pnp 00:02: Plug and Play ACPI device, IDs PNP0b00 (active)
[    3.465477] pnp 00:03: parse allocated resources
[    3.470108] pnp 00:03: Plug and Play ACPI device, IDs PNP0501 (active)
[    3.476639] pnp 00:04: parse allocated resources
[    3.481269] pnp 00:04: Plug and Play ACPI device, IDs PNP0501 (active)
[    3.487797] pnp 00:05: parse allocated resources
[    3.492415] pnp 00:05: PNP0c02: calling quirk_system_pci_resources+0x0/0x120
[    3.499465] pnp 00:05: PNP0c02: calling quirk_intel_mch+0x0/0x180
[    3.505573] system 00:05: [io  0x0a00-0x0a07] has been reserved
[    3.511488] system 00:05: [io  0x0a10-0x0a17] has been reserved
[    3.517408] system 00:05: [io  0x0a20-0x0a27] has been reserved
[    3.523336] system 00:05: [io  0x0a30-0x0a37] has been reserved
[    3.529257] system 00:05: Plug and Play ACPI device, IDs PNP0c02 (active)
[    3.536049] pnp 00:06: parse allocated resources
[    3.540681] pnp 00:06: Plug and Play ACPI device, IDs PNP0303 (active)
[    3.547210] pnp 00:07: parse allocated resources
[    3.551828] pnp 00:07: PNP0c02: calling quirk_system_pci_resources+0x0/0x120
[    3.558875] pnp 00:07: PNP0c02: calling quirk_intel_mch+0x0/0x180
[    3.564978] system 00:07: Plug and Play ACPI device, IDs PNP0c02 (active)
[    3.571772] pnp 00:08: parse allocated resources
[    3.576395] pnp 00:08: Plug and Play ACPI device, IDs PNP0501 (active)
[    3.582929] pnp 00:09: parse allocated resources
[    3.587558] pnp 00:09: Plug and Play ACPI device, IDs PNP0501 (active)
[    3.594089] pnp 00:0a: parse allocated resources
[    3.598706] pnp 00:0a: PNP0c02: calling quirk_system_pci_resources+0x0/0x120
[    3.605754] pnp 00:0a: PNP0c02: calling quirk_intel_mch+0x0/0x180
[    3.611855] system 00:0a: Plug and Play ACPI device, IDs PNP0c02 (active)
[    3.618642] pnp 00:0b: parse allocated resources
[    3.623262] pnp 00:0b: PNP0c02: calling quirk_system_pci_resources+0x0/0x120
[    3.630309] pnp 00:0b: PNP0c02: calling quirk_intel_mch+0x0/0x180
[    3.636418] system 00:0b: [io  0x0a40-0x0a41] has been reserved
[    3.642335] system 00:0b: Plug and Play ACPI device, IDs PNP0c02 (active)
[    3.649169] pnp: PnP ACPI: found 12 devices
[    3.658581] clocksource: acpi_pm: mask: 0xffffff max_cycles: 0xffffff, max_idle_ns: 2085701024 ns
[    3.667458] pci 0000:00:01.0: PCI bridge to [bus 01]
[    3.672430] pci 0000:00:01.1: PCI bridge to [bus 02]
[    3.677400] pci 0000:00:01.1:   bridge window [io  0x2000-0x2fff]
[    3.683495] pci 0000:00:01.1:   bridge window [mem 0xdf100000-0xdf1fffff]
[    3.690284] pci 0000:00:1d.0: PCI bridge to [bus 03]
[    3.695257] pci 0000:00:1d.0:   bridge window [io  0x3000-0x3fff]
[    3.701352] pci 0000:00:1d.0:   bridge window [mem 0xdf200000-0xdf2fffff]
[    3.708150] pci 0000:00:1d.1: PCI bridge to [bus 04]
[    3.713120] pci 0000:00:1d.1:   bridge window [io  0x4000-0x4fff]
[    3.719212] pci 0000:00:1d.1:   bridge window [mem 0xdf300000-0xdf3fffff]
[    3.726006] pci 0000:05:00.0: PCI bridge to [bus 06]
[    3.730970] pci 0000:05:00.0:   bridge window [io  0x5000-0x5fff]
[    3.737068] pci 0000:05:00.0:   bridge window [mem 0xde000000-0xdf0fffff]
[    3.743865] pci 0000:00:1d.2: PCI bridge to [bus 05-06]
[    3.749093] pci 0000:00:1d.2:   bridge window [io  0x5000-0x5fff]
[    3.755189] pci 0000:00:1d.2:   bridge window [mem 0xde000000-0xdf0fffff]
[    3.761980] pci_bus 0000:00: resource 4 [io  0x0000-0x0cf7 window]
[    3.768161] pci_bus 0000:00: resource 5 [io  0x0d00-0xffff window]
[    3.774338] pci_bus 0000:00: resource 6 [mem 0x000a0000-0x000bffff window]
[    3.781213] pci_bus 0000:00: resource 7 [mem 0x000c0000-0x000c3fff window]
[    3.788087] pci_bus 0000:00: resource 8 [mem 0x000c4000-0x000c7fff window]
[    3.794957] pci_bus 0000:00: resource 9 [mem 0x000c8000-0x000cbfff window]
[    3.801832] pci_bus 0000:00: resource 10 [mem 0x000cc000-0x000cffff window]
[    3.808790] pci_bus 0000:00: resource 11 [mem 0x000d0000-0x000d3fff window]
[    3.815749] pci_bus 0000:00: resource 12 [mem 0x000d4000-0x000d7fff window]
[    3.822710] pci_bus 0000:00: resource 13 [mem 0x000d8000-0x000dbfff window]
[    3.829670] pci_bus 0000:00: resource 14 [mem 0x000dc000-0x000dffff window]
[    3.836630] pci_bus 0000:00: resource 15 [mem 0x000e0000-0x000e3fff window]
[    3.843587] pci_bus 0000:00: resource 16 [mem 0x000e4000-0x000e7fff window]
[    3.850548] pci_bus 0000:00: resource 17 [mem 0x000e8000-0x000ebfff window]
[    3.857506] pci_bus 0000:00: resource 18 [mem 0x000ec000-0x000effff window]
[    3.864468] pci_bus 0000:00: resource 19 [mem 0x000f0000-0x000fffff window]
[    3.871425] pci_bus 0000:00: resource 20 [mem 0x78800001-0xdfffffff window]
[    3.878385] pci_bus 0000:00: resource 21 [mem 0xfd000000-0xfe7fffff window]
[    3.885344] pci_bus 0000:00: resource 22 [mem 0xfed40000-0xfed44fff window]
[    3.892304] pci_bus 0000:02: resource 0 [io  0x2000-0x2fff]
[    3.897876] pci_bus 0000:02: resource 1 [mem 0xdf100000-0xdf1fffff]
[    3.904145] pci_bus 0000:03: resource 0 [io  0x3000-0x3fff]
[    3.909716] pci_bus 0000:03: resource 1 [mem 0xdf200000-0xdf2fffff]
[    3.915982] pci_bus 0000:04: resource 0 [io  0x4000-0x4fff]
[    3.921556] pci_bus 0000:04: resource 1 [mem 0xdf300000-0xdf3fffff]
[    3.927821] pci_bus 0000:05: resource 0 [io  0x5000-0x5fff]
[    3.933394] pci_bus 0000:05: resource 1 [mem 0xde000000-0xdf0fffff]
[    3.939661] pci_bus 0000:06: resource 0 [io  0x5000-0x5fff]
[    3.945232] pci_bus 0000:06: resource 1 [mem 0xde000000-0xdf0fffff]
[    3.951548] NET: Registered protocol family 2
[    3.956006] tcp_listen_portaddr_hash hash table entries: 16384 (order: 6, 262144 bytes)
[    3.964074] TCP established hash table entries: 262144 (order: 9, 2097152 bytes)
[    3.971668] TCP bind hash table entries: 65536 (order: 8, 1048576 bytes)
[    3.978438] TCP: Hash tables configured (established 262144 bind 65536)
[    3.985079] UDP hash table entries: 16384 (order: 7, 524288 bytes)
[    3.991307] UDP-Lite hash table entries: 16384 (order: 7, 524288 bytes)
[    3.997989] NET: Registered protocol family 1
[    4.002419] RPC: Registered named UNIX socket transport module.
[    4.008339] RPC: Registered udp transport module.
[    4.013044] RPC: Registered tcp transport module.
[    4.017751] RPC: Registered tcp NFSv4.1 backchannel transport module.
[    4.024300] IOAPIC[2]: Set IRTE entry (P:1 FPD:0 Dst_Mode:1 Redir_hint:1 Trig_Mode:0 Dlvry_Mode:0 Avail:0 Vector:EF Dest:00000100 SID:FAF8 SQ:0 SVT:1)
[    4.037764] IOAPIC[0]: Set routing entry (2-16 -> 0xef -> IRQ 16 Mode:1 Active:1 Dest:1)
[    4.045927] pci 0000:00:14.0: quirk_usb_early_handoff+0x0/0x63d took 21172 usecs
[    4.053379] pci 0000:06:00.0: Video device with shadowed ROM at [mem 0x000c0000-0x000dffff]
[    4.061727] PCI: CLS 64 bytes, default 64
[    4.065773] Trying to unpack rootfs image as initramfs...
[    4.131371] Freeing initrd memory: 8456K
[    4.135332] DMAR: No RMRR found
[    4.138476] DMAR: No ATSR found
[    4.141651] DMAR: dmar0: Using Queued invalidation
[    4.146473] pci 0000:00:00.0: DMAR: Hardware identity mapping
[    4.152216] pci 0000:00:01.0: DMAR: Hardware identity mapping
[    4.157962] pci 0000:00:01.1: DMAR: Hardware identity mapping
[    4.163709] pci 0000:00:04.0: DMAR: Hardware identity mapping
[    4.169454] pci 0000:00:14.0: DMAR: Hardware identity mapping
[    4.175203] pci 0000:00:14.2: DMAR: Hardware identity mapping
[    4.180948] pci 0000:00:16.0: DMAR: Hardware identity mapping
[    4.186695] pci 0000:00:17.0: DMAR: Hardware identity mapping
[    4.192442] pci 0000:00:1d.0: DMAR: Hardware identity mapping
[    4.198187] pci 0000:00:1d.1: DMAR: Hardware identity mapping
[    4.203931] pci 0000:00:1d.2: DMAR: Hardware identity mapping
[    4.209680] pci 0000:00:1f.0: DMAR: Hardware identity mapping
[    4.215423] pci 0000:00:1f.2: DMAR: Hardware identity mapping
[    4.221170] pci 0000:00:1f.4: DMAR: Hardware identity mapping
[    4.226916] pci 0000:00:1f.5: DMAR: Hardware identity mapping
[    4.232663] pci 0000:02:00.0: DMAR: Hardware identity mapping
[    4.238409] pci 0000:03:00.0: DMAR: Hardware identity mapping
[    4.244157] pci 0000:04:00.0: DMAR: Hardware identity mapping
[    4.249901] DMAR: Setting RMRR:
[    4.253047] DMAR: Prepare 0-16MiB unity mapping for LPC
[    4.258272] pci 0000:00:1f.0: DMAR: Ignoring identity map for HW passthrough [0x0 - 0xffffff]
[    4.266793] DMAR: Intel(R) Virtualization Technology for Directed I/O
[    4.273257] pci 0000:00:00.0: Adding to iommu group 0
[    4.278323] pci 0000:00:01.0: Adding to iommu group 1
[    4.283379] pci 0000:00:01.1: Adding to iommu group 1
[    4.288439] pci 0000:00:04.0: Adding to iommu group 2
[    4.293505] pci 0000:00:14.0: Adding to iommu group 3
[    4.298562] pci 0000:00:14.2: Adding to iommu group 3
[    4.303626] pci 0000:00:16.0: Adding to iommu group 4
[    4.308684] pci 0000:00:17.0: Adding to iommu group 5
[    4.313740] pci 0000:00:1d.0: Adding to iommu group 6
[    4.318802] pci 0000:00:1d.1: Adding to iommu group 7
[    4.323861] pci 0000:00:1d.2: Adding to iommu group 8
[    4.328931] pci 0000:00:1f.0: Adding to iommu group 9
[    4.333992] pci 0000:00:1f.2: Adding to iommu group 9
[    4.339053] pci 0000:00:1f.4: Adding to iommu group 9
[    4.344108] pci 0000:00:1f.5: Adding to iommu group 9
[    4.349165] pci 0000:02:00.0: Adding to iommu group 1
[    4.354223] pci 0000:03:00.0: Adding to iommu group 10
[    4.359372] pci 0000:04:00.0: Adding to iommu group 11
[    4.364519] pci 0000:05:00.0: Adding to iommu group 12
[    4.369661] pci 0000:06:00.0: Adding to iommu group 12
[    4.375841] RAPL PMU: API unit is 2^-32 Joules, 5 fixed counters, 655360 ms ovfl timer
[    4.383757] RAPL PMU: hw unit of domain pp0-core 2^-14 Joules
[    4.389507] RAPL PMU: hw unit of domain package 2^-14 Joules
[    4.395167] RAPL PMU: hw unit of domain dram 2^-14 Joules
[    4.400565] RAPL PMU: hw unit of domain pp1-gpu 2^-14 Joules
[    4.406226] RAPL PMU: hw unit of domain psys 2^-14 Joules
[    4.411907] clocksource: tsc: mask: 0xffffffffffffffff max_cycles: 0x3282142a9b0, max_idle_ns: 440795384778 ns
[    4.421905] clocksource: Switched to clocksource tsc
[    4.427199] check: Scanning for low memory corruption every 60 seconds
[    4.534249] Initialise system trusted keyrings
[    4.538704] Key type blacklist registered
[    4.542739] workingset: timestamp_bits=40 max_order=23 bucket_order=0
[    4.550024] zbud: loaded
[    4.552746] DLM installed
[    4.555483] FS-Cache: Netfs 'nfs' registered for caching
[    4.560861] NFS: Registering the id_resolver key type
[    4.565918] Key type id_resolver registered
[    4.570106] Key type id_legacy registered
[    4.574123] nfs4filelayout_init: NFSv4 File Layout Driver Registering...
[    4.580820] Installing knfsd (copyright (C) 1996 okir@monad.swb.de).
[    4.587320] Platform Keyring initialized
[    4.593204] NET: Registered protocol family 38
[    4.598538] Key type asymmetric registered
[    4.602637] Asymmetric key parser 'x509' registered
[    4.607513] Asymmetric key parser 'pkcs8' registered
[    4.612482] Asymmetric key parser 'tpm_parser' registered
[    4.617887] Block layer SCSI generic (bsg) driver version 0.4 loaded (major 250)
[    4.625301] io scheduler mq-deadline registered
[    4.629985] IOAPIC[2]: Set IRTE entry (P:1 FPD:0 Dst_Mode:1 Redir_hint:1 Trig_Mode:0 Dlvry_Mode:0 Avail:0 Vector:EF Dest:00000100 SID:FAF8 SQ:0 SVT:1)
[    4.643450] IOAPIC[0]: Set routing entry (2-16 -> 0xef -> IRQ 16 Mode:1 Active:1 Dest:1)
[    4.651573] pcieport 0000:00:01.0: PME: Signaling with IRQ 121
[    4.657442] pcieport 0000:00:01.0: AER: enabled with IRQ 121
[    4.663202] pcieport 0000:00:01.1: PME: Signaling with IRQ 122
[    4.669060] pcieport 0000:00:01.1: AER: enabled with IRQ 122
[    4.674845] pcieport 0000:00:1d.0: PME: Signaling with IRQ 123
[    4.680721] pcieport 0000:00:1d.0: AER: enabled with IRQ 123
[    4.686491] IOAPIC[2]: Set IRTE entry (P:1 FPD:0 Dst_Mode:1 Redir_hint:1 Trig_Mode:0 Dlvry_Mode:0 Avail:0 Vector:EF Dest:00000100 SID:FAF8 SQ:0 SVT:1)
[    4.699948] IOAPIC[0]: Set routing entry (2-17 -> 0xef -> IRQ 17 Mode:1 Active:1 Dest:1)
[    4.708092] pcieport 0000:00:1d.1: PME: Signaling with IRQ 124
[    4.713968] pcieport 0000:00:1d.1: AER: enabled with IRQ 124
[    4.719736] IOAPIC[2]: Set IRTE entry (P:1 FPD:0 Dst_Mode:1 Redir_hint:1 Trig_Mode:0 Dlvry_Mode:0 Avail:0 Vector:EF Dest:00000100 SID:FAF8 SQ:0 SVT:1)
[    4.733193] IOAPIC[0]: Set routing entry (2-18 -> 0xef -> IRQ 18 Mode:1 Active:1 Dest:1)
[    4.741336] pcieport 0000:00:1d.2: PME: Signaling with IRQ 125
[    4.747213] pcieport 0000:00:1d.2: AER: enabled with IRQ 125
[    4.752953] intel_idle: MWAIT substates: 0x142120
[    4.757660] intel_idle: v0.4.1 model 0x9E
[    4.762032] intel_idle: lapic_timer_reliable_states 0xffffffff
[    4.767916] input: Power Button as /devices/LNXSYSTM:00/LNXPWRBN:00/input/input0
[    4.775307] ACPI: Power Button [PWRF]
[    4.779249] Serial: 8250/16550 driver, 4 ports, IRQ sharing disabled
[    4.806530] 00:03: ttyS0 at I/O 0x3f8 (irq = 4, base_baud = 115200) is a 16550A
[    4.834787] 00:08: ttyS2 at I/O 0x3e8 (irq = 4, base_baud = 115200) is a 16550A
[    4.863110] 00:09: ttyS3 at I/O 0x2e8 (irq = 3, base_baud = 115200) is a 16550A
[    4.870773] Non-volatile memory driver v1.3
[    4.875072] Hangcheck: starting hangcheck timer 0.9.1 (tick is 180 seconds, margin is 60 seconds).
[    4.885381] brd: module loaded
[    4.889843] loop: module loaded
[    4.893078] zram: Added device: zram0
[    4.896754] i2c-core: driver [at24] registered
[    4.901209] i2c-core: driver [eeprom] registered
[    4.905837] i2c-core: driver [89hpesx] registered
[    4.910547] i2c-core: driver [ee1004] registered
[    4.915210] ahci 0000:00:17.0: version 3.0
[    4.915216] mei_me 0000:00:16.0: Device doesn't have valid ME Interface
[    4.919567] ahci 0000:00:17.0: AHCI 0001.0301 32 slots 8 ports 6 Gbps 0xff impl SATA mode
[    4.934097] ahci 0000:00:17.0: flags: 64bit ncq sntf pm led clo only pio slum part ems deso sadm sds apst 
[    5.027593] scsi host0: ahci
[    5.030704] scsi host1: ahci
[    5.033868] scsi host2: ahci
[    5.037023] scsi host3: ahci
[    5.040168] scsi host4: ahci
[    5.043255] scsi host5: ahci
[    5.046374] scsi host6: ahci
[    5.049494] scsi host7: ahci
[    5.052417] ata1: SATA max UDMA/133 abar m2048@0xdf421000 port 0xdf421100 irq 126
[    5.059897] ata2: SATA max UDMA/133 abar m2048@0xdf421000 port 0xdf421180 irq 126
[    5.067376] ata3: SATA max UDMA/133 abar m2048@0xdf421000 port 0xdf421200 irq 126
[    5.074854] ata4: SATA max UDMA/133 abar m2048@0xdf421000 port 0xdf421280 irq 126
[    5.082333] ata5: SATA max UDMA/133 abar m2048@0xdf421000 port 0xdf421300 irq 126
[    5.089813] ata6: SATA max UDMA/133 abar m2048@0xdf421000 port 0xdf421380 irq 126
[    5.097291] ata7: SATA max UDMA/133 abar m2048@0xdf421000 port 0xdf421400 irq 126
[    5.104774] ata8: SATA max UDMA/133 abar m2048@0xdf421000 port 0xdf421480 irq 126
[    5.112317] Ethernet Channel Bonding Driver: v3.7.1 (April 27, 2011)
[    5.118965] eql: Equalizer2002: Simon Janes (simon@ncm.com) and David S. Miller (davem@redhat.com)
[    5.128083] MACsec IEEE 802.1AE
[    5.131250] tun: Universal TUN/TAP device driver, 1.6
[    5.136389] igb: Intel(R) Gigabit Ethernet Network Driver - version 5.6.0-k
[    5.143348] igb: Copyright (c) 2007-2014 Intel Corporation.
[    5.176987] igb 0000:03:00.0: Intel(R) Gigabit Ethernet Network Connection
[    5.183866] igb 0000:03:00.0: eth0: (PCIe:2.5Gb/s:Width x1) 0c:c4:7a:1a:44:d4
[    5.191066] igb 0000:03:00.0: eth0: PBA No: 012600-000
[    5.196209] igb 0000:03:00.0: Using MSI-X interrupts. 4 rx queue(s), 4 tx queue(s)
[    5.234371] igb 0000:04:00.0: Intel(R) Gigabit Ethernet Network Connection
[    5.241256] igb 0000:04:00.0: eth1: (PCIe:2.5Gb/s:Width x1) 0c:c4:7a:1a:44:d5
[    5.248461] igb 0000:04:00.0: eth1: PBA No: 012500-000
[    5.253598] igb 0000:04:00.0: Using MSI-X interrupts. 4 rx queue(s), 4 tx queue(s)
[    5.271931] rtl8821ae: Using firmware rtlwifi/rtl8812aefw.bin
[    5.277676] rtl8821ae: Using firmware rtlwifi/rtl8812aefw_wowlan.bin
[    5.284201] rtl8821ae 0000:02:00.0: DMAR: 32bit DMA uses non-identity mapping
[    5.292098] ieee80211 phy0: Selected rate control algorithm 'rtl_rc'
[    5.298519] rtlwifi: rtlwifi: wireless switch is on
[    5.303476] rtl8821ae 0000:02:00.0: Direct firmware load for rtlwifi/rtl8812aefw.bin failed with error -2
[    5.303638] xhci_hcd 0000:00:14.0: xHCI Host Controller
[    5.313044] rtl8821ae 0000:02:00.0: Direct firmware load for rtlwifi/rtl8821aefw.bin failed with error -2
[    5.318333] xhci_hcd 0000:00:14.0: new USB bus registered, assigned bus number 1
[    5.327823] rtlwifi: Loading alternative firmware rtlwifi/rtl8821aefw.bin
[    5.327823] rtlwifi: Selected firmware is not available
[    5.327829] rtl8821ae 0000:02:00.0: Direct firmware load for rtlwifi/rtl8812aefw_wowlan.bin failed with error -2
[    5.336460] xhci_hcd 0000:00:14.0: hcc params 0x200077c1 hci version 0x100 quirks 0x0000000001109810
[    5.342005] rtl8821ae 0000:02:00.0: Direct firmware load for rtlwifi/rtl8821aefw.bin failed with error -2
[    5.347240] xhci_hcd 0000:00:14.0: cache line size of 64 is not supported
[    5.357404] rtlwifi: Loading alternative firmware rtlwifi/rtl8821aefw.bin
[    5.367103] usb usb1: New USB device found, idVendor=1d6b, idProduct=0002, bcdDevice= 5.02
[    5.376089] rtlwifi: Selected firmware is not available
[    5.403155] usb usb1: New USB device strings: Mfr=3, Product=2, SerialNumber=1
[    5.410375] usb usb1: Product: xHCI Host Controller
[    5.415254] usb usb1: Manufacturer: Linux 5.2.0+ xhci-hcd
[    5.420656] usb usb1: SerialNumber: 0000:00:14.0
[    5.425302] ata4: SATA link down (SStatus 4 SControl 300)
[    5.425418] hub 1-0:1.0: USB hub found
[    5.430750] ata6: SATA link up 3.0 Gbps (SStatus 123 SControl 300)
[    5.434537] hub 1-0:1.0: 16 ports detected
[    5.440689] ata2: SATA link down (SStatus 4 SControl 300)
[    5.445366] xhci_hcd 0000:00:14.0: xHCI Host Controller
[    5.450193] ata8: SATA link down (SStatus 4 SControl 300)
[    5.455401] xhci_hcd 0000:00:14.0: new USB bus registered, assigned bus number 2
[    5.460818] ata5: SATA link down (SStatus 4 SControl 300)
[    5.468168] xhci_hcd 0000:00:14.0: Host supports USB 3.0 SuperSpeed
[    5.473609] ata7: SATA link down (SStatus 4 SControl 300)
[    5.479973] usb usb2: New USB device found, idVendor=1d6b, idProduct=0003, bcdDevice= 5.02
[    5.485278] ata3: SATA link down (SStatus 4 SControl 300)
[    5.493492] usb usb2: New USB device strings: Mfr=3, Product=2, SerialNumber=1
[    5.498937] ata1: SATA link down (SStatus 4 SControl 300)
[    5.506111] usb usb2: Product: xHCI Host Controller
[    5.511624] ata6.00: ATA-8: SAMSUNG HN-M101MBB, 2AR10001, max UDMA/133
[    5.516388] usb usb2: Manufacturer: Linux 5.2.0+ xhci-hcd
[    5.522915] ata6.00: 1953525168 sectors, multi 0: LBA48 NCQ (depth 32), AA
[    5.529204] ata6.00: configured for UDMA/133
[    5.535186] usb usb2: SerialNumber: 0000:00:14.0
[    5.535306] hub 2-0:1.0: USB hub found
[    5.539574] scsi 5:0:0:0: Direct-Access     ATA      SAMSUNG HN-M101M 0001 PQ: 0 ANSI: 5
[    5.544161] hub 2-0:1.0: 10 ports detected
[    5.548069] sd 5:0:0:0: [sda] 1953525168 512-byte logical blocks: (1.00 TB/932 GiB)
[    5.556750] usbcore: registered new interface driver uas
[    5.560109] sd 5:0:0:0: [sda] Write Protect is off
[    5.567725] usbcore: registered new interface driver usb-storage
[    5.573030] sd 5:0:0:0: [sda] Mode Sense: 00 3a 00 00
[    5.577861] rtc_cmos 00:02: RTC can wake from S4
[    5.583899] sd 5:0:0:0: [sda] Write cache: enabled, read cache: enabled, doesn't support DPO or FUA
[    5.589456] rtc_cmos 00:02: registered as rtc0
[    5.607008] rtc_cmos 00:02: alarms up to one month, 242 bytes nvram, hpet irqs
[    5.614240] i2c-core: driver [smbus_alert] registered
[    5.619292] i2c /dev entries driver
[    5.622876] i801_smbus 0000:00:1f.4: SPD Write Disable is set
[    5.628652] i801_smbus 0000:00:1f.4: SMBus using PCI interrupt
[    5.634550] i2c-dev: adapter [SMBus I801 adapter at efa0] registered as minor 0
[    5.641861] i2c i2c-0: adapter [SMBus I801 adapter at efa0] registered
[    5.642145]  sda: sda1 sda2
[    5.648577] i2c i2c-0: found normal entry for adapter 0, addr 0x50
[    5.651616] sd 5:0:0:0: [sda] Attached SCSI disk
[    5.657692] i2c i2c-0: Creating eeprom at 0x50
[    5.666468] eeprom 0-0050: probe
[    5.669702] i2c i2c-0: client [eeprom] registered with bus id 0-0050
[    5.676060] i2c i2c-0: found normal entry for adapter 0, addr 0x51
[    5.682612] i2c i2c-0: Creating eeprom at 0x51
[    5.687074] eeprom 0-0051: probe
[    5.690310] i2c i2c-0: client [eeprom] registered with bus id 0-0051
[    5.696662] i2c i2c-0: found normal entry for adapter 0, addr 0x52
[    5.703301] i2c i2c-0: Creating eeprom at 0x52
[    5.707780] eeprom 0-0052: probe
[    5.711019] i2c i2c-0: client [eeprom] registered with bus id 0-0052
[    5.717373] i2c i2c-0: found normal entry for adapter 0, addr 0x53
[    5.724018] i2c i2c-0: Creating eeprom at 0x53
[    5.728497] eeprom 0-0053: probe
[    5.731730] i2c i2c-0: client [eeprom] registered with bus id 0-0053
[    5.738081] i2c i2c-0: found normal entry for adapter 0, addr 0x54
[    5.744583] i801_smbus 0000:00:1f.4: No response
[    5.749219] i2c i2c-0: found normal entry for adapter 0, addr 0x55
[    5.755719] i801_smbus 0000:00:1f.4: No response
[    5.760347] i2c i2c-0: found normal entry for adapter 0, addr 0x56
[    5.766849] i801_smbus 0000:00:1f.4: No response
[    5.771486] i2c i2c-0: found normal entry for adapter 0, addr 0x57
[    5.777985] i801_smbus 0000:00:1f.4: No response
[    5.782695] i2c-core: driver [i2c-slave-eeprom] registered
[    5.786875] usb 1-9: new high-speed USB device number 2 using xhci_hcd
[    5.795593] iTCO_wdt: Intel TCO WatchDog Timer Driver v1.11
[    5.801217] iTCO_wdt: unable to reset NO_REBOOT flag, device disabled by hardware/BIOS
[    5.809137] iTCO_vendor_support: vendor-support=0
[    5.813893] softdog: initialized. soft_noboot=0 soft_margin=60 sec soft_panic=0 (nowayout=0)
[    5.822558] device-mapper: uevent: version 1.0.3
[    5.827209] device-mapper: ioctl: 4.40.0-ioctl (2019-01-18) initialised: dm-devel@redhat.com
[    5.835778] device-mapper: multipath round-robin: version 1.2.0 loaded
[    5.842308] device-mapper: multipath queue-length: version 0.2.0 loaded
[    5.848921] device-mapper: multipath service-time: version 0.3.0 loaded
[    5.855542] device-mapper: dm-log-userspace: version 1.3.0 loaded
[    5.861637] device-mapper: raid: Loading target version 1.14.0
[    5.867472] intel_pstate: Intel P-state driver initializing
[    5.873088] intel_pstate: Disabling energy efficiency optimization
[    5.879681] intel_pstate: HWP enabled
[    5.883482] ledtrig-cpu: registered to indicate activity on CPUs
[    5.889545] hidraw: raw HID events driver (C) Jiri Kosina
[    5.894951] usbcore: registered new interface driver usbhid
[    5.900524] usbhid: USB HID core driver
[    5.904407] NET: Registered protocol family 40
[    5.908881] oprofile: using NMI interrupt.
[    5.912989] pktgen: Packet Generator for packet performance testing. Version: 2.75
[    5.921355] drop_monitor: Initializing network drop monitor service
[    5.927645] NET: Registered protocol family 26
[    5.932091] GACT probability on
[    5.935235] Mirror/redirect action on
[    5.938906] Simple TC action Loaded
[    5.942460] netem: version 1.3
[    5.943171] usb 1-9: New USB device found, idVendor=0557, idProduct=7000, bcdDevice= 0.00
[    5.945536] u32 classifier
[    5.953697] usb 1-9: New USB device strings: Mfr=0, Product=0, SerialNumber=0
[    5.956408]     Performance counters on
[    5.964286] hub 1-9:1.0: USB hub found
[    5.967378]     input device check on
[    5.967378]     Actions configured
[    5.970511] xt_time: kernel timezone is -0000
[    5.971223] hub 1-9:1.0: 4 ports detected
[    5.974809] IPVS: Registered protocols (TCP, UDP, SCTP, AH, ESP)
[    5.992597] IPVS: Connection hash table configured (size=4096, memory=64Kbytes)
[    6.000323] IPVS: ipvs loaded.
[    6.003389] IPVS: [rr] scheduler registered.
[    6.007663] IPVS: [wrr] scheduler registered.
[    6.012022] IPVS: [lc] scheduler registered.
[    6.016296] IPVS: [wlc] scheduler registered.
[    6.020656] IPVS: [fo] scheduler registered.
[    6.024929] IPVS: [ovf] scheduler registered.
[    6.029290] IPVS: [lblc] scheduler registered.
[    6.033732] IPVS: [lblcr] scheduler registered.
[    6.038265] IPVS: [dh] scheduler registered.
[    6.042538] IPVS: [sh] scheduler registered.
[    6.046810] IPVS: [sed] scheduler registered.
[    6.051170] IPVS: [nq] scheduler registered.
[    6.055445] IPVS: ftp: loaded support on port[0] = 21
[    6.060495] IPVS: [sip] pe registered.
[    6.064276] ipip: IPv4 and MPLS over IPv4 tunneling driver
[    6.069814] gre: GRE over IPv4 demultiplexor driver
[    6.074694] ip_gre: GRE over IPv4 tunneling driver
[    6.079601] IPv4 over IPsec tunneling driver
[    6.084154] ipt_CLUSTERIP: ClusterIP Version 0.8 loaded successfully
[    6.090593] Initializing XFRM netlink socket
[    6.094945] NET: Registered protocol family 10
[    6.105638] Segment Routing with IPv6
[    6.109327] mip6: Mobile IPv6
[    6.112555] sit: IPv6, IPv4 and MPLS over IPv4 tunneling driver
[    6.118593] ip6_gre: GRE over IPv6 tunneling driver
[    6.123523] NET: Registered protocol family 17
[    6.127972] NET: Registered protocol family 15
[    6.132425] Bridge firewalling registered
[    6.139459] NET: Registered protocol family 33
[    6.143909] Key type rxrpc registered
[    6.147571] Key type rxrpc_s registered
[    6.151487] lec:lane_module_init: lec.c: initialized
[    6.156460] mpoa:atm_mpoa_init: mpc.c: initialized
[    6.161251] l2tp_core: L2TP core driver, V2.0
[    6.165607] l2tp_ip: L2TP IP encapsulation support (L2TPv3)
[    6.171192] l2tp_netlink: L2TP netlink interface
[    6.175834] l2tp_eth: L2TP ethernet pseudowire support (L2TPv3)
[    6.181761] l2tp_debugfs: L2TP debugfs support
[    6.186219] l2tp_ip6: L2TP IP encapsulation support for IPv6 (L2TPv3)
[    6.192662] NET4: DECnet for Linux: V.2.5.68s (C) 1995-2003 Linux DECnet Project Team
[    6.200500] DECnet: Routing cache hash table of 1024 buckets, 16Kbytes
[    6.207030] NET: Registered protocol family 12
[    6.211626] NET: Registered protocol family 35
[    6.216142] 8021q: 802.1Q VLAN Support v1.8
[    6.220805] DCCP: Activated CCID 2 (TCP-like)
[    6.225170] DCCP: Activated CCID 3 (TCP-Friendly Rate Control)
[    6.231085] sctp: Hash tables configured (bind 512/512)
[    6.236464] NET: Registered protocol family 21
[    6.240940] Registered RDS/tcp transport
[    6.244866] tipc: Activated (version 2.0.0)
[    6.249067] NET: Registered protocol family 30
[    6.253524] tipc: Started in single node mode
[    6.258901] NET: Registered protocol family 36
[    6.263361] Key type dns_resolver registered
[    6.267782] batman_adv: B.A.T.M.A.N. advanced 2019.2 (compatibility version 15) loaded
[    6.275698] openvswitch: Open vSwitch switching datapath
[    6.281051] mpls_gso: MPLS GSO support
[    6.285261] mce: Using 10 MCE banks
[    6.288764] RAS: Correctable Errors collector initialized.
[    6.294317] microcode: sig=0x906e9, pf=0x2, revision=0xb4
[    6.299800] microcode: Microcode Update Driver: v2.2.
[    6.299896] ... APIC ID:      00000000 (0)
[    6.303895] ... APIC VERSION: 01060015
[    6.303895] 0000000000000000000000000000000000000000000000000000000000000000
[    6.303895] 0000000000000000000000000000000000000000000000000000000000000000
[    6.303895] 0000000000000000000000000000000000000000000000000000000000001000
[    6.333947] number of MP IRQ sources: 15.
[    6.337958] number of IO-APIC #2 registers: 120.
[    6.342578] testing the IO APIC.......................
[    6.347737] IO APIC #2......
[    6.350620] .... register #00: 02000000
[    6.354459] .......    : physical APIC id: 02
[    6.358820] .......    : Delivery Type: 0
[    6.362833] .......    : LTS          : 0
[    6.366844] .... register #01: 00770020
[    6.370700] .......     : max redirection entries: 77
[    6.375755] .......     : PRQ implemented: 0
[    6.380029] .......     : IO APIC version: 20
[    6.384386] .... register #02: 00000000
[    6.388229] .......     : arbitration: 00
[    6.392240] .... IRQ redirection table:
[    6.396078] IOAPIC 0:
[    6.398366]  pin00, disabled, edge , high, V(00), IRR(0), S(0), physical, D(00), M(0)
[    6.406204]  pin01, disabled, edge , high, V(00), IRR(0), S(0), physical, D(00), M(0)
[    6.414038]  pin02, enabled , edge , high, V(02), IRR(0), S(0), remapped, I(0001),  Z(0)
[    6.422134]  pin03, disabled, edge , high, V(00), IRR(0), S(0), physical, D(00), M(0)
[    6.429966]  pin04, disabled, edge , high, V(00), IRR(0), S(0), physical, D(00), M(0)
[    6.437804]  pin05, disabled, edge , high, V(00), IRR(0), S(0), physical, D(00), M(0)
[    6.445638]  pin06, disabled, edge , high, V(00), IRR(0), S(0), physical, D(00), M(0)
[    6.453471]  pin07, disabled, edge , high, V(00), IRR(0), S(0), physical, D(00), M(0)
[    6.461309]  pin08, enabled , edge , high, V(08), IRR(0), S(0), remapped, I(0007),  Z(0)
[    6.469402]  pin09, enabled , level, high, V(09), IRR(0), S(0), remapped, I(0008),  Z(0)
[    6.477495]  pin0a, disabled, edge , high, V(00), IRR(0), S(0), physical, D(00), M(0)
[    6.485330]  pin0b, disabled, edge , high, V(00), IRR(0), S(0), physical, D(00), M(0)
[    6.493168]  pin0c, disabled, edge , high, V(00), IRR(0), S(0), physical, D(00), M(0)
[    6.501003]  pin0d, disabled, edge , high, V(04), IRR(0), S(0), logical , D(22), M(2)
[    6.508836]  pin0e, disabled, edge , high, V(00), IRR(0), S(0), physical, D(00), M(0)
[    6.516673]  pin0f, disabled, edge , high, V(00), IRR(0), S(0), physical, D(00), M(0)
[    6.524504]  pin10, enabled , level, low , V(10), IRR(0), S(0), remapped, I(000F),  Z(0)
[    6.532602]  pin11, disabled, edge , high, V(00), IRR(0), S(0), physical, D(00), M(0)
[    6.540434]  pin12, disabled, edge , high, V(00), IRR(0), S(0), physical, D(00), M(0)
[    6.548271]  pin13, disabled, edge , high, V(00), IRR(0), S(0), physical, D(00), M(0)
[    6.556107]  pin14, disabled, edge , high, V(00), IRR(0), S(0), physical, D(00), M(0)
[    6.563942]  pin15, disabled, edge , high, V(00), IRR(0), S(0), physical, D(00), M(0)
[    6.571774]  pin16, disabled, edge , high, V(00), IRR(0), S(0), physical, D(00), M(0)
[    6.579611]  pin17, disabled, edge , high, V(00), IRR(0), S(0), physical, D(00), M(0)
[    6.587446]  pin18, disabled, edge , high, V(00), IRR(0), S(0), physical, D(00), M(0)
[    6.595279]  pin19, disabled, edge , high, V(00), IRR(0), S(0), physical, D(00), M(0)
[    6.603115]  pin1a, disabled, edge , high, V(00), IRR(0), S(0), physical, D(00), M(0)
[    6.610949]  pin1b, disabled, edge , high, V(00), IRR(0), S(0), physical, D(00), M(0)
[    6.618785]  pin1c, disabled, edge , high, V(00), IRR(0), S(0), physical, D(00), M(0)
[    6.626618]  pin1d, disabled, edge , high, V(00), IRR(0), S(0), physical, D(00), M(0)
[    6.634455]  pin1e, disabled, edge , high, V(00), IRR(0), S(0), physical, D(00), M(0)
[    6.642288]  pin1f, disabled, edge , high, V(00), IRR(0), S(0), physical, D(00), M(0)
[    6.650123]  pin20, disabled, edge , high, V(00), IRR(0), S(0), physical, D(00), M(0)
[    6.657960]  pin21, disabled, edge , high, V(00), IRR(0), S(0), physical, D(00), M(0)
[    6.665793]  pin22, disabled, edge , high, V(00), IRR(0), S(0), physical, D(00), M(0)
[    6.673629]  pin23, disabled, edge , high, V(00), IRR(0), S(0), physical, D(00), M(0)
[    6.681464]  pin24, disabled, edge , high, V(00), IRR(0), S(0), physical, D(00), M(0)
[    6.689297]  pin25, disabled, edge , high, V(00), IRR(0), S(0), physical, D(00), M(0)
[    6.697135]  pin26, disabled, edge , high, V(00), IRR(0), S(0), physical, D(00), M(0)
[    6.704968]  pin27, disabled, edge , high, V(00), IRR(0), S(0), physical, D(00), M(0)
[    6.712803]  pin28, disabled, edge , high, V(00), IRR(0), S(0), physical, D(00), M(0)
[    6.720639]  pin29, disabled, edge , high, V(00), IRR(0), S(0), physical, D(00), M(0)
[    6.728475]  pin2a, disabled, edge , high, V(00), IRR(0), S(0), physical, D(00), M(0)
[    6.736308]  pin2b, disabled, edge , high, V(00), IRR(0), S(0), physical, D(00), M(0)
[    6.744143]  pin2c, disabled, edge , high, V(00), IRR(0), S(0), physical, D(00), M(0)
[    6.751977]  pin2d, disabled, edge , high, V(00), IRR(0), S(0), physical, D(00), M(0)
[    6.759810]  pin2e, disabled, edge , high, V(00), IRR(0), S(0), physical, D(00), M(0)
[    6.767646]  pin2f, disabled, edge , high, V(00), IRR(0), S(0), physical, D(00), M(0)
[    6.775482]  pin30, disabled, edge , high, V(00), IRR(0), S(0), physical, D(00), M(0)
[    6.783319]  pin31, disabled, edge , high, V(00), IRR(0), S(0), physical, D(00), M(0)
[    6.791151]  pin32, disabled, edge , high, V(00), IRR(0), S(0), physical, D(00), M(0)
[    6.798986]  pin33, disabled, edge , high, V(C8), IRR(0), S(0), physical, D(81), M(2)
[    6.806820]  pin34, disabled, edge , high, V(00), IRR(0), S(0), physical, D(00), M(0)
[    6.814655]  pin35, disabled, edge , high, V(00), IRR(0), S(0), physical, D(00), M(0)
[    6.822492]  pin36, disabled, edge , high, V(00), IRR(0), S(0), physical, D(00), M(0)
[    6.830326]  pin37, disabled, edge , high, V(00), IRR(0), S(0), physical, D(00), M(0)
[    6.838159]  pin38, disabled, edge , high, V(00), IRR(0), S(0), physical, D(00), M(0)
[    6.845994]  pin39, disabled, edge , high, V(00), IRR(0), S(0), physical, D(00), M(0)
[    6.853833]  pin3a, disabled, edge , high, V(00), IRR(0), S(0), physical, D(00), M(0)
[    6.861666]  pin3b, disabled, edge , high, V(00), IRR(0), S(0), physical, D(00), M(0)
[    6.869501]  pin3c, disabled, edge , high, V(00), IRR(0), S(0), physical, D(00), M(0)
[    6.877336]  pin3d, disabled, edge , high, V(00), IRR(0), S(0), physical, D(00), M(0)
[    6.885172]  pin3e, disabled, edge , high, V(00), IRR(0), S(0), physical, D(00), M(0)
[    6.893006]  pin3f, disabled, edge , high, V(00), IRR(0), S(0), physical, D(00), M(0)
[    6.900840]  pin40, disabled, edge , high, V(00), IRR(0), S(0), physical, D(00), M(0)
[    6.908675]  pin41, disabled, edge , high, V(60), IRR(0), S(0), physical, D(41), M(2)
[    6.916510]  pin42, disabled, edge , high, V(00), IRR(0), S(0), physical, D(00), M(0)
[    6.924343]  pin43, disabled, edge , high, V(08), IRR(0), S(0), physical, D(48), M(2)
[    6.932182]  pin44, disabled, edge , high, V(00), IRR(0), S(0), physical, D(00), M(0)
[    6.940013]  pin45, disabled, edge , high, V(00), IRR(0), S(0), physical, D(00), M(0)
[    6.947848]  pin46, disabled, edge , high, V(00), IRR(0), S(0), physical, D(00), M(0)
[    6.955686]  pin47, disabled, edge , high, V(00), IRR(0), S(0), physical, D(00), M(0)
[    6.963518]  pin48, disabled, edge , high, V(00), IRR(0), S(0), physical, D(00), M(0)
[    6.971354]  pin49, disabled, edge , high, V(00), IRR(0), S(0), physical, D(00), M(0)
[    6.979190]  pin4a, disabled, edge , high, V(52), IRR(0), S(0), physical, D(14), M(2)
[    6.987025]  pin4b, disabled, edge , high, V(00), IRR(0), S(0), physical, D(00), M(0)
[    6.994878]  pin4c, disabled, edge , high, V(00), IRR(0), S(0), physical, D(00), M(0)
[    7.002711]  pin4d, disabled, edge , high, V(00), IRR(0), S(0), physical, D(00), M(0)
[    7.010545]  pin4e, disabled, edge , high, V(00), IRR(0), S(0), physical, D(00), M(0)
[    7.018379]  pin4f, disabled, edge , high, V(10), IRR(0), S(0), physical, D(04), M(2)
[    7.026217]  pin50, disabled, edge , high, V(00), IRR(0), S(0), physical, D(00), M(0)
[    7.034052]  pin51, disabled, edge , high, V(00), IRR(0), S(0), physical, D(00), M(0)
[    7.041884]  pin52, disabled, edge , high, V(00), IRR(0), S(0), physical, D(00), M(0)
[    7.049722]  pin53, disabled, edge , high, V(00), IRR(0), S(0), physical, D(00), M(0)
[    7.057556]  pin54, disabled, edge , high, V(00), IRR(0), S(0), physical, D(00), M(0)
[    7.065392]  pin55, disabled, edge , high, V(00), IRR(0), S(0), physical, D(00), M(0)
[    7.073226]  pin56, disabled, edge , high, V(00), IRR(0), S(0), remapped, I(0423),  Z(2)
[    7.081318]  pin57, disabled, edge , high, V(00), IRR(0), S(0), physical, D(00), M(0)
[    7.089154]  pin58, disabled, edge , high, V(00), IRR(0), S(0), physical, D(00), M(0)
[    7.096990]  pin59, disabled, edge , high, V(00), IRR(0), S(0), physical, D(00), M(0)
[    7.104825]  pin5a, disabled, edge , high, V(C0), IRR(0), S(0), physical, D(14), M(2)
[    7.112661]  pin5b, disabled, edge , high, V(00), IRR(0), S(0), physical, D(00), M(0)
[    7.120495]  pin5c, disabled, edge , high, V(19), IRR(0), S(0), physical, D(81), M(2)
[    7.128330]  pin5d, disabled, edge , high, V(00), IRR(0), S(0), physical, D(00), M(0)
[    7.136164]  pin5e, disabled, edge , high, V(00), IRR(0), S(0), physical, D(00), M(0)
[    7.143998]  pin5f, disabled, edge , high, V(00), IRR(0), S(0), physical, D(00), M(0)
[    7.151835]  pin60, disabled, edge , high, V(00), IRR(0), S(0), physical, D(00), M(0)
[    7.159667]  pin61, disabled, edge , high, V(A0), IRR(0), S(0), physical, D(21), M(2)
[    7.167502]  pin62, disabled, edge , high, V(00), IRR(0), S(0), physical, D(00), M(0)
[    7.175336]  pin63, disabled, edge , high, V(00), IRR(0), S(0), physical, D(00), M(0)
[    7.183172]  pin64, disabled, edge , high, V(00), IRR(0), S(0), physical, D(00), M(0)
[    7.191008]  pin65, disabled, edge , high, V(81), IRR(0), S(0), remapped, I(0010),  Z(2)
[    7.199103]  pin66, disabled, edge , high, V(00), IRR(0), S(0), physical, D(00), M(0)
[    7.206947]  pin67, disabled, edge , high, V(00), IRR(0), S(0), physical, D(00), M(0)
[    7.214782]  pin68, disabled, edge , high, V(00), IRR(0), S(0), physical, D(00), M(0)
[    7.222614]  pin69, disabled, edge , high, V(00), IRR(0), S(0), physical, D(00), M(0)
[    7.230450]  pin6a, disabled, edge , high, V(60), IRR(0), S(0), physical, D(80), M(2)
[    7.238286]  pin6b, disabled, edge , high, V(00), IRR(0), S(0), physical, D(00), M(0)
[    7.246120]  pin6c, disabled, edge , high, V(02), IRR(0), S(0), logical , D(40), M(2)
[    7.253958]  pin6d, disabled, edge , high, V(00), IRR(0), S(0), physical, D(00), M(0)
[    7.261790]  pin6e, disabled, edge , high, V(00), IRR(0), S(0), physical, D(00), M(0)
[    7.269626]  pin6f, disabled, edge , high, V(00), IRR(0), S(0), physical, D(00), M(0)
[    7.277461]  pin70, disabled, edge , high, V(00), IRR(0), S(0), physical, D(00), M(0)
[    7.285294]  pin71, disabled, edge , high, V(00), IRR(0), S(0), physical, D(00), M(0)
[    7.293130]  pin72, disabled, edge , high, V(00), IRR(0), S(0), physical, D(00), M(0)
[    7.300966]  pin73, disabled, edge , high, V(00), IRR(0), S(0), physical, D(00), M(0)
[    7.308798]  pin74, disabled, edge , high, V(00), IRR(0), S(0), physical, D(00), M(0)
[    7.316636]  pin75, disabled, edge , high, V(16), IRR(0), S(0), physical, D(00), M(2)
[    7.324471]  pin76, disabled, edge , high, V(00), IRR(0), S(0), physical, D(00), M(0)
[    7.332305]  pin77, disabled, edge , high, V(00), IRR(0), S(0), physical, D(00), M(0)
[    7.340130] IRQ to pin mappings:
[    7.343364] IRQ0 -> 0:2
[    7.345816] IRQ1 -> 0:1
[    7.348267] IRQ3 -> 0:3
[    7.350720] IRQ4 -> 0:4
[    7.353172] IRQ5 -> 0:5
[    7.355625] IRQ6 -> 0:6
[    7.358079] IRQ7 -> 0:7
[    7.360532] IRQ8 -> 0:8
[    7.362983] IRQ9 -> 0:9
[    7.365437] IRQ10 -> 0:10
[    7.368063] IRQ11 -> 0:11
[    7.370690] IRQ12 -> 0:12
[    7.373317] IRQ13 -> 0:13
[    7.375942] IRQ14 -> 0:14
[    7.378566] IRQ15 -> 0:15
[    7.381194] IRQ16 -> 0:16
[    7.383819] IRQ17 -> 0:17
[    7.386446] IRQ18 -> 0:18
[    7.389071] .................................... done.
[    7.394214] AVX2 version of gcm_enc/dec engaged.
[    7.398830] AES CTR mode by8 optimization enabled
[    7.403547] usb 1-9.1: new low-speed USB device number 3 using xhci_hcd
[    7.417488] sched_clock: Marking stable (5766523469, 1650961067)->(7575217700, -157733164)
[    7.426262] registered taskstats version 1
[    7.430364] Loading compiled-in X.509 certificates
[    7.435185] zswap: loaded using pool lzo/zbud
[    7.442541] Key type encrypted registered
[    7.446572] ima: No TPM chip found, activating TPM-bypass!
[    7.452059] ima: Allocated hash algorithm: sha512
[    7.456783] No architecture policies found
[    7.461081] printk: console [netcon0] enabled
[    7.465449] netconsole: network logging started
[    7.470144] rtc_cmos 00:02: setting system clock to 2019-09-22T19:04:16 UTC (1569179056)
[    7.478278] cfg80211: Loading compiled-in X.509 certificates for regulatory database
[    7.487411] cfg80211: Loaded X.509 cert 'sforshee: 00b28ddf47aef9cea7'
[    7.493999] platform regulatory.0: Direct firmware load for regulatory.db failed with error -2
[    7.502610] cfg80211: failed to load regulatory.db
[    7.508202] Freeing unused kernel image memory: 1760K
[    7.536111] usb 1-9.1: New USB device found, idVendor=0557, idProduct=2419, bcdDevice= 1.00
[    7.542886] Write protecting the kernel read-only data: 26624k
[    7.544467] usb 1-9.1: New USB device strings: Mfr=0, Product=0, SerialNumber=0
[    7.558079] Freeing unused kernel image memory: 2004K
[    7.563347] Freeing unused kernel image memory: 40K
[    7.563435] input: HID 0557:2419 as /devices/pci0000:00/0000:00:14.0/usb1/1-9/1-9.1/1-9.1:1.0/0003:0557:2419.0001/input/input1
[    7.579772] x86/mm: Checked W+X mappings: passed, no W+X pages found.
[    7.586211] x86/mm: Checking user space page tables
[    7.591143] x86/mm: Checked W+X mappings: passed, no W+X pages found.
[    7.597589] Run /init as init process
[    7.612726] systemd-udevd[630]: Starting version 242
[    7.638949] hid-generic 0003:0557:2419.0001: input,hidraw0: USB HID v1.00 Keyboard [HID 0557:2419] on usb-0000:00:14.0-9.1/input0
[    7.651218] input: HID 0557:2419 as /devices/pci0000:00/0000:00:14.0/usb1/1-9/1-9.1/1-9.1:1.1/0003:0557:2419.0002/input/input2
[    7.662698] hid-generic 0003:0557:2419.0002: input,hidraw1: USB HID v1.00 Mouse [HID 0557:2419] on usb-0000:00:14.0-9.1/input1
[    7.668480] systemd-udevd[636]: Using default interface naming scheme 'v240'.
[    7.672270] systemd-udevd[638]: Using default interface naming scheme 'v240'.
[    7.672582] systemd-udevd[639]: Using default interface naming scheme 'v240'.
[    7.672595] systemd-udevd[638]: link_config: autonegotiation is unset or enabled, the speed and duplex are not writable.
[    7.672635] igb 0000:03:00.0 eno0: renamed from eth0
[    7.684536] systemd-udevd[641]: Using default interface naming scheme 'v240'.
[    7.684615] systemd-udevd[646]: Using default interface naming scheme 'v240'.
[    7.684676] systemd-udevd[633]: Using default interface naming scheme 'v240'.
[    7.684687] systemd-udevd[635]: Using default interface naming scheme 'v240'.
[    7.684753] systemd-udevd[634]: Using default interface naming scheme 'v240'.
[    7.755339] igb 0000:04:00.0 enp4s0: renamed from eth1
[    7.779140] rtl8821ae 0000:02:00.0 wlp2s0: renamed from wlan0
[    8.618341] random: fast init done
[    8.818429] EXT4-fs (sda2): mounted filesystem with ordered data mode. Opts: (null)
[    8.873059] printk: systemd-udevd: 25 output lines suppressed due to ratelimiting
[   10.586947] systemd[1]: systemd 242 running in system mode. (+PAM +AUDIT +SELINUX +IMA +APPARMOR +SMACK +SYSVINIT +UTMP +LIBCRYPTSETUP +GCRYPT +GNUTLS +ACL +XZ +LZ4 +SECCOMP +BLKID +ELFUTILS +KMOD +IDN2 -IDN +PCRE2 default-hierarchy=hybrid)
[   10.608273] systemd[1]: No virtualization found in DMI
[   10.613426] systemd[1]: No virtualization found in CPUID
[   10.618748] systemd[1]: Virtualization XEN not found, /proc/xen does not exist
[   10.625977] systemd[1]: This platform does not support /proc/device-tree
[   10.651224] systemd[1]: UML virtualization not found in /proc/cpuinfo.
[   10.657762] systemd[1]: This platform does not support /proc/sysinfo
[   10.664126] systemd[1]: Found VM virtualization none
[   10.669095] systemd[1]: Detected architecture x86-64.
[   10.674228] systemd[1]: Mounting cgroup to /sys/fs/cgroup/cpu,cpuacct of type cgroup with options cpu,cpuacct.
[   10.784848] random: crng init done
[   10.820988] systemd-bless-boot-generator[696]: Skipping generator, not an EFI boot.
[   10.833275] systemd-gpt-auto-generator[701]: Failed to chase block device '/', ignoring: No such file or directory
[   10.833639] systemd-hibernate-resume-generator[702]: Not running in an initrd, quitting.
[   10.834277] systemd-rc-local-generator[703]: /etc/rc.local does not exist, skipping.
[   10.854556] systemd-fstab-generator[699]: Parsing /etc/fstab...
[   10.865417] systemd-fstab-generator[699]: Found entry what=/dev/disk/by-uuid/7b98d2a3-9caa-485b-9e77-8d7486f21872 where=/ type=ext4 makefs=no growfs=no noauto=no nofail=no
[   10.880722] systemd-getty-generator[700]: Automatically adding serial getty for /dev/ttyS0.
[   10.884120] systemd-gpt-auto-generator[701]: sda2: Root device /dev/sda.
[   11.041876] systemd-sysv-generator[706]: Native unit for keyboard-setup.service already exists, skipping.
[   11.061906] systemd-sysv-generator[706]: Native unit for mdadm-waitidle.service already exists, skipping.
[   11.071512] systemd-sysv-generator[706]: Cannot find unit trousers.service.
[   11.078703] systemd-sysv-generator[706]: Native unit for smartmontools.service already exists, skipping.
[   11.088315] systemd-sysv-generator[706]: Native unit for irqbalance.service already exists, skipping.
[   11.097552] systemd-sysv-generator[706]: Native unit for zfs-share.service already exists, skipping.
[   11.106789] systemd-sysv-generator[706]: Native unit for ssh.service already exists, skipping.
[   11.111353] systemd-fstab-generator[699]: Found entry what=/dev/sda1 where=/boot/efi type=vfat makefs=no growfs=no noauto=no nofail=no
[   11.115416] systemd-sysv-generator[706]: Native unit for zfs-mount.service already exists, skipping.
[   11.136735] systemd-sysv-generator[706]: Native unit for atd.service already exists, skipping.
[   11.145483] systemd-sysv-generator[706]: Native unit for console-setup.service already exists, skipping.
[   11.316163] printk: systemd-sysv-ge: 72 output lines suppressed due to ratelimiting
[   11.428089] systemd-gpt-auto-generator[701]: Waiting for device (parent + 2 partitions) to appear...
[   11.438403] systemd-gpt-auto-generator[701]: "/boot" already populated, ignoring.
[   12.115455] systemd[712]: Operating on architecture: x86
[   12.121860] systemd[712]: Operating on architecture: x32
[   12.128762] systemd[712]: Operating on architecture: x86-64
[   12.136075] systemd[712]: Operating on architecture: x86
[   12.141505] systemd[712]: Failed to add utime() rule for architecture x86, skipping: Invalid argument
[   12.150729] systemd[712]: Operating on architecture: x32
[   12.156281] systemd[712]: Operating on architecture: x86-64
[   12.163250] systemd[712]: Operating on architecture: x86
[   12.170007] systemd[712]: Operating on architecture: x32
[   12.176787] systemd[712]: Operating on architecture: x86-64
[   12.184354] systemd[712]: Restricting namespace to: .
[   12.189436] systemd[712]: Operating on architecture: x86
[   12.194789] systemd[712]: Blocking cgroup.
[   12.198935] systemd[712]: Blocking ipc.
[   12.202819] systemd[712]: Blocking net.
[   12.206720] systemd[712]: Blocking mnt.
[   12.212015] systemd[712]: Blocking pid.
[   12.217281] systemd[712]: Blocking user.
[   12.222641] systemd[712]: Blocking uts.
[   12.227736] systemd[712]: Operating on architecture: x32
[   12.233081] systemd[712]: Blocking cgroup.
[   12.233099] systemd[712]: Blocking ipc.
[   12.241078] systemd[712]: Blocking net.
[   12.244964] systemd[712]: Blocking mnt.
[   12.250231] systemd[712]: Blocking pid.
[   12.255507] systemd[712]: Blocking user.
[   12.260867] systemd[712]: Blocking uts.
[   12.265870] systemd[712]: Operating on architecture: x86-64
[   12.271462] systemd[712]: Blocking cgroup.
[   12.275588] systemd[712]: Blocking ipc.
[   12.279455] systemd[712]: Blocking net.
[   12.283319] systemd[712]: Blocking mnt.
[   12.287188] systemd[712]: Blocking pid.
[   12.291070] systemd[712]: Blocking user.
[   12.295040] systemd[712]: Blocking uts.
[   12.299276] systemd[712]: Operating on architecture: x86
[   12.387444] systemd[712]: Operating on architecture: x32
[   12.445848] systemd[712]: Operating on architecture: x86-64
[   12.638876] systemd-journald[712]: Found cgroup2 on /sys/fs/cgroup/unified, unified hierarchy for systemd controller
[   12.650210] systemd-journald[712]: Journal effective settings seal=no compress=yes compress_threshold_bytes=512B
[   12.660499] systemd-journald[712]: Fixed min_use=1.0M max_use=320.8M max_size=40.1M min_size=512.0K keep_free=481.2M n_max_files=100
[   12.673405] systemd-journald[712]: Reserving 73002 entries in hash table.
[   12.681896] systemd-journald[712]: Vacuuming...
[   12.687395] systemd-journald[712]: Vacuuming done, freed 0B of archived journals from /run/log/journal/1f4181a03dc749109cae1429b160e05b.
[   12.687427] systemd-journald[712]: Flushing /dev/kmsg...
[   12.723742] EXT4-fs (sda2): re-mounted. Opts: (null)
[   12.783810] systemd-journald[712]: systemd-journald running as pid 712
[   12.790985] systemd-journald[712]: Sent READY=1 notification.
[   12.797904] systemd-journald[712]: Sent WATCHDOG=1 notification.
[   16.942971] systemd[1]: dev-rfkill.device: Changed dead -> plugged
[   16.962994] systemd[1]: sys-devices-virtual-misc-rfkill.device: Changed dead -> plugged
[   16.987151] systemd[1]: systemd-rfkill.socket: Trying to enqueue job systemd-rfkill.socket/start/fail
[   17.011149] systemd[1]: Added job systemd-rfkill.socket/start to transaction.
[   17.030998] systemd[1]: Pulling in system.slice/start from systemd-rfkill.socket/start
[   17.054990] systemd[1]: Added job system.slice/start to transaction.
[   17.075026] systemd[1]: Pulling in -.slice/start from system.slice/start
[   17.095174] systemd[1]: Added job -.slice/start to transaction.
[   17.115177] systemd[1]: Pulling in -.mount/start from systemd-rfkill.socket/start
[   17.135178] systemd[1]: Added job -.mount/start to transaction.
[   21.684197] systemd-journald[712]: Deleted archived journal /var/log/journal/1f4181a03dc749109cae1429b160e05b/system@000592ec6854e08a-2da5c78109165ac7.journal~ (16.0M).
[   21.699264] systemd-journald[712]: Vacuuming done, freed 16.0M of archived journals from /var/log/journal/1f4181a03dc749109cae1429b160e05b.
[   21.712602] systemd-journald[712]: Journal effective settings seal=no compress=yes compress_threshold_bytes=512B
[   21.788417] systemd-journald[712]: Journal effective settings seal=no compress=yes compress_threshold_bytes=512B
[   21.798686] systemd-journald[712]: Journal effective settings seal=no compress=yes compress_threshold_bytes=512B
[   21.808893] systemd-journald[712]: Journal effective settings seal=no compress=yes compress_threshold_bytes=512B
[   21.819099] systemd-journald[712]: Journal effective settings seal=no compress=yes compress_threshold_bytes=512B
[   21.829311] systemd-journald[712]: Journal effective settings seal=no compress=yes compress_threshold_bytes=512B
[   21.839537] systemd-journald[712]: Journal effective settings seal=no compress=yes compress_threshold_bytes=512B
[   21.849744] systemd-journald[712]: Journal effective settings seal=no compress=yes compress_threshold_bytes=512B
[   23.715588] IPVS: ftp: loaded support on port[0] = 21
[   23.763474] 8021q: adding VLAN 0 to HW filter on device eno0
[   26.515764] igb 0000:03:00.0 eno0: igb: eno0 NIC Link is Up 1000 Mbps Full Duplex, Flow Control: RX/TX
[   27.051547] systemd-journald[712]: Journal effective settings seal=no compress=yes compress_threshold_bytes=512B
[   27.061853] systemd-journald[712]: Journal effective settings seal=no compress=yes compress_threshold_bytes=512B
[   27.072188] systemd-journald[712]: Journal effective settings seal=no compress=yes compress_threshold_bytes=512B
[   27.082447] systemd-journald[712]: Journal effective settings seal=no compress=yes compress_threshold_bytes=512B
[   27.092685] systemd-journald[712]: Journal effective settings seal=no compress=yes compress_threshold_bytes=512B
[   27.102977] systemd-journald[712]: Journal effective settings seal=no compress=yes compress_threshold_bytes=512B
[   27.113215] systemd-journald[712]: Journal effective settings seal=no compress=yes compress_threshold_bytes=512B
[   27.123459] systemd-journald[712]: Journal effective settings seal=no compress=yes compress_threshold_bytes=512B
[   27.133701] systemd-journald[712]: Journal effective settings seal=no compress=yes compress_threshold_bytes=512B
[   27.143940] systemd-journald[712]: Journal effective settings seal=no compress=yes compress_threshold_bytes=512B
[   32.288988] systemd-journald[712]: Journal effective settings seal=no compress=yes compress_threshold_bytes=512B
[   32.299288] systemd-journald[712]: Journal effective settings seal=no compress=yes compress_threshold_bytes=512B
[   32.417895] systemd-journald[712]: Journal effective settings seal=no compress=yes compress_threshold_bytes=512B
[   32.428204] systemd-journald[712]: Journal effective settings seal=no compress=yes compress_threshold_bytes=512B
[   32.560534] systemd-journald[712]: Journal effective settings seal=no compress=yes compress_threshold_bytes=512B
[   32.594680] systemd-journald[712]: Journal effective settings seal=no compress=yes compress_threshold_bytes=512B
[   32.605028] systemd-journald[712]: Journal effective settings seal=no compress=yes compress_threshold_bytes=512B
[   32.616649] systemd-journald[712]: Journal effective settings seal=no compress=yes compress_threshold_bytes=512B
[   32.628224] systemd-journald[712]: Journal effective settings seal=no compress=yes compress_threshold_bytes=512B
[   32.639812] systemd-journald[712]: Journal effective settings seal=no compress=yes compress_threshold_bytes=512B
[   35.413751] IPVS: ftp: loaded support on port[0] = 21
[   37.487907] systemd-journald[712]: Journal effective settings seal=no compress=yes compress_threshold_bytes=512B
[   37.517864] systemd-journald[712]: Journal effective settings seal=no compress=yes compress_threshold_bytes=512B
[   37.528164] systemd-journald[712]: Journal effective settings seal=no compress=yes compress_threshold_bytes=512B
[   37.597801] systemd-journald[712]: Journal effective settings seal=no compress=yes compress_threshold_bytes=512B
[   37.608074] systemd-journald[712]: Journal effective settings seal=no compress=yes compress_threshold_bytes=512B
[   37.629017] systemd-journald[712]: Journal effective settings seal=no compress=yes compress_threshold_bytes=512B
[   37.648831] systemd-journald[712]: Journal effective settings seal=no compress=yes compress_threshold_bytes=512B
[   37.659111] systemd-journald[712]: Journal effective settings seal=no compress=yes compress_threshold_bytes=512B
[   37.669367] systemd-journald[712]: Journal effective settings seal=no compress=yes compress_threshold_bytes=512B
[   37.689670] systemd-journald[712]: Journal effective settings seal=no compress=yes compress_threshold_bytes=512B
