00000000-00000fff : Reserved
00001000-0003efff : System RAM
0003f000-0003ffff : Reserved
00040000-0009efff : System RAM
0009f000-0009ffff : Reserved
000a0000-000bffff : PCI Bus 0000:00
000c0000-000c7fff : Video ROM
000f0000-000fffff : System ROM
00100000-7801afff : System RAM
7801b000-7801bfff : ACPI Non-volatile Storage
7801c000-78065fff : Reserved
78066000-7d09dfff : System RAM
7d09e000-7d42cfff : Reserved
  7d17c018-7d17c019 : APEI ERST
  7d17c01c-7d17c021 : APEI ERST
  7d17c028-7d17c039 : APEI ERST
  7d17c040-7d17c04c : APEI ERST
  7d17c050-7d17e04f : APEI ERST
7d42d000-7d5ebfff : System RAM
7d5ec000-7dd8ffff : ACPI Non-volatile Storage
7dd90000-7fe66fff : Reserved
7fe67000-7fffefff : Unknown E820 type
7ffff000-7fffffff : System RAM
80200000-85f7ffff : INT0E0C:00
88400000-dfffffff : PCI Bus 0000:00
  de000000-df0fffff : PCI Bus 0000:06
    de000000-df0fffff : PCI Bus 0000:07
      de000000-deffffff : 0000:07:00.0
      df000000-df01ffff : 0000:07:00.0
  df100000-df1fffff : PCI Bus 0000:05
    df100000-df17ffff : 0000:05:00.0
      df100000-df17ffff : igb
    df180000-df183fff : 0000:05:00.0
      df180000-df183fff : igb
  df200000-df2fffff : PCI Bus 0000:04
    df200000-df27ffff : 0000:04:00.0
      df200000-df27ffff : igb
    df280000-df283fff : 0000:04:00.0
      df280000-df283fff : igb
  df300000-df3fffff : PCI Bus 0000:02
    df300000-df303fff : 0000:02:00.0
      df300000-df303fff : rtl_pci
  df400000-df40ffff : 0000:00:14.0
    df400000-df40ffff : xhci-hcd
  df410000-df411fff : 0000:00:17.0
    df410000-df411fff : ahci
  df418000-df41bfff : 0000:00:1f.2
  df41c000-df41c0ff : 0000:00:1f.4
  df41d000-df41d7ff : 0000:00:17.0
    df41d000-df41d7ff : ahci
  df41e000-df41e0ff : 0000:00:17.0
    df41e000-df41e0ff : ahci
  df41f000-df41ffff : 0000:00:16.1
  df420000-df420fff : 0000:00:16.0
  df421000-df421fff : 0000:00:14.2
    df421000-df421fff : Intel PCH thermal driver
  dffe0000-dfffffff : pnp 00:07
e0000000-efffffff : PCI MMCONFIG 0000 [bus 00-ff]
  e0000000-efffffff : Reserved
    e0000000-efffffff : pnp 00:07
fd000000-fe7fffff : PCI Bus 0000:00
  fd000000-fdabffff : pnp 00:08
  fdac0000-fdacffff : pnp 00:0a
  fdad0000-fdadffff : pnp 00:08
  fdae0000-fdaeffff : pnp 00:0a
  fdaf0000-fdafffff : pnp 00:0a
  fdb00000-fdffffff : pnp 00:08
    fdc6000c-fdc6000f : iTCO_wdt
  fe000000-fe010fff : Reserved
  fe036000-fe03bfff : pnp 00:08
  fe03d000-fe3fffff : pnp 00:08
  fe410000-fe7fffff : pnp 00:08
fec00000-fec00fff : Reserved
  fec00000-fec003ff : IOAPIC 0
fed00000-fed003ff : HPET 0
  fed00000-fed003ff : PNP0103:00
fed10000-fed17fff : pnp 00:07
fed18000-fed18fff : pnp 00:07
fed19000-fed19fff : pnp 00:07
fed20000-fed3ffff : pnp 00:07
fed45000-fed8ffff : pnp 00:07
fed90000-fed90fff : dmar0
fee00000-fee00fff : Local APIC
  fee00000-fee00fff : Reserved
ff000000-ffffffff : Reserved
  ff000000-ffffffff : INT0800:00
    ff000000-ffffffff : pnp 00:07
100000000-877bfffff : System RAM
  714c00000-715e053f0 : Kernel code
  715e053f1-7168391bf : Kernel data
  71707a000-7171fffff : Kernel bss
877c00000-877ffffff : RAM buffer
