MemTotal:       32813408 kB
MemFree:        32470288 kB
MemAvailable:   32272252 kB
Buffers:           11884 kB
Cached:            97060 kB
SwapCached:            0 kB
Active:            79500 kB
Inactive:          61228 kB
Active(anon):      32240 kB
Inactive(anon):      356 kB
Active(file):      47260 kB
Inactive(file):    60872 kB
Unevictable:           0 kB
Mlocked:               0 kB
SwapTotal:             0 kB
SwapFree:              0 kB
Dirty:              1864 kB
Writeback:             0 kB
AnonPages:         29824 kB
Mapped:            43312 kB
Shmem:               804 kB
KReclaimable:      33776 kB
Slab:              88552 kB
SReclaimable:      33776 kB
SUnreclaim:        54776 kB
KernelStack:        3268 kB
PageTables:         1672 kB
NFS_Unstable:          0 kB
Bounce:                0 kB
WritebackTmp:          0 kB
CommitLimit:    16406704 kB
Committed_AS:     268552 kB
VmallocTotal:   34359738367 kB
VmallocUsed:           0 kB
VmallocChunk:          0 kB
Percpu:             3680 kB
HardwareCorrupted:     0 kB
AnonHugePages:      4096 kB
ShmemHugePages:        0 kB
ShmemPmdMapped:        0 kB
HugePages_Total:       0
HugePages_Free:        0
HugePages_Rsvd:        0
HugePages_Surp:        0
Hugepagesize:       2048 kB
Hugetlb:               0 kB
DirectMap4k:       55372 kB
DirectMap2M:     3956736 kB
DirectMap1G:    29360128 kB
